sources/driver/Adafruit_ssd1306syp/Adafruit_GFX.cpp:210:6:virtual void Adafruit_GFX::drawLine(int16_t, int16_t, int16_t, int16_t, uint16_t)	56	static
sources/driver/Adafruit_ssd1306syp/Adafruit_GFX.cpp:252:6:virtual void Adafruit_GFX::drawRect(int16_t, int16_t, int16_t, int16_t, uint16_t)	40	static
sources/driver/Adafruit_ssd1306syp/Adafruit_GFX.cpp:261:6:virtual void Adafruit_GFX::drawFastVLine(int16_t, int16_t, int16_t, uint16_t)	24	static
sources/driver/Adafruit_ssd1306syp/Adafruit_GFX.cpp:267:6:virtual void Adafruit_GFX::drawFastHLine(int16_t, int16_t, int16_t, uint16_t)	24	static
sources/driver/Adafruit_ssd1306syp/Adafruit_GFX.cpp:273:6:virtual void Adafruit_GFX::fillRect(int16_t, int16_t, int16_t, int16_t, uint16_t)	40	static
sources/driver/Adafruit_ssd1306syp/Adafruit_GFX.cpp:281:6:virtual void Adafruit_GFX::fillScreen(uint16_t)	16	static
sources/driver/Adafruit_ssd1306syp/Adafruit_GFX.cpp:43:6:void Adafruit_GFX::drawMoon(int16_t, int16_t, int16_t, uint16_t)	96	static
sources/driver/Adafruit_ssd1306syp/Adafruit_GFX.cpp:89:1:Adafruit_GFX::Adafruit_GFX(int16_t, int16_t)	12	static
sources/driver/Adafruit_ssd1306syp/Adafruit_GFX.cpp:102:6:void Adafruit_GFX::drawCircle(int16_t, int16_t, int16_t, uint16_t)	64	static
sources/driver/Adafruit_ssd1306syp/Adafruit_GFX.cpp:136:6:void Adafruit_GFX::drawCircleHelper(int16_t, int16_t, int16_t, uint8_t, uint16_t)	64	static
sources/driver/Adafruit_ssd1306syp/Adafruit_GFX.cpp:179:6:void Adafruit_GFX::fillCircleHelper(int16_t, int16_t, int16_t, uint8_t, int16_t, uint16_t)	80	static
sources/driver/Adafruit_ssd1306syp/Adafruit_GFX.cpp:172:6:void Adafruit_GFX::fillCircle(int16_t, int16_t, int16_t, uint16_t)	48	static
sources/driver/Adafruit_ssd1306syp/Adafruit_GFX.cpp:71:6:void Adafruit_GFX::drawSun(int16_t, int16_t, int16_t, uint16_t)	56	static
sources/driver/Adafruit_ssd1306syp/Adafruit_GFX.cpp:286:6:void Adafruit_GFX::drawRoundRect(int16_t, int16_t, int16_t, int16_t, int16_t, uint16_t)	72	static
sources/driver/Adafruit_ssd1306syp/Adafruit_GFX.cpp:301:6:void Adafruit_GFX::fillRoundRect(int16_t, int16_t, int16_t, int16_t, int16_t, uint16_t)	64	static
sources/driver/Adafruit_ssd1306syp/Adafruit_GFX.cpp:312:6:void Adafruit_GFX::drawTriangle(int16_t, int16_t, int16_t, int16_t, int16_t, int16_t, uint16_t)	56	static
sources/driver/Adafruit_ssd1306syp/Adafruit_GFX.cpp:321:6:void Adafruit_GFX::fillTriangle(int16_t, int16_t, int16_t, int16_t, int16_t, int16_t, uint16_t)	88	static
sources/driver/Adafruit_ssd1306syp/Adafruit_GFX.cpp:398:6:void Adafruit_GFX::drawBitmap(int16_t, int16_t, const uint8_t*, int16_t, int16_t, uint16_t)	64	static
sources/driver/Adafruit_ssd1306syp/Adafruit_GFX.cpp:432:6:void Adafruit_GFX::drawChar(int16_t, int16_t, unsigned char, uint16_t, uint16_t, uint8_t)	88	static
sources/driver/Adafruit_ssd1306syp/Adafruit_GFX.cpp:414:8:virtual size_t Adafruit_GFX::write(uint8_t)	32	static
sources/driver/Adafruit_ssd1306syp/Adafruit_GFX.cpp:466:6:void Adafruit_GFX::setCursor(int16_t, int16_t)	0	static
sources/driver/Adafruit_ssd1306syp/Adafruit_GFX.cpp:471:6:void Adafruit_GFX::setTextSize(uint8_t)	0	static
sources/driver/Adafruit_ssd1306syp/Adafruit_GFX.cpp:475:6:void Adafruit_GFX::setTextColor(uint16_t)	0	static
sources/driver/Adafruit_ssd1306syp/Adafruit_GFX.cpp:481:6:void Adafruit_GFX::setTextColor(uint16_t, uint16_t)	0	static
sources/driver/Adafruit_ssd1306syp/Adafruit_GFX.cpp:486:6:void Adafruit_GFX::setTextWrap(bool)	0	static
sources/driver/Adafruit_ssd1306syp/Adafruit_GFX.cpp:490:9:uint8_t Adafruit_GFX::getRotation()	0	static
sources/driver/Adafruit_ssd1306syp/Adafruit_GFX.cpp:494:6:void Adafruit_GFX::setRotation(uint8_t)	0	static
sources/driver/Adafruit_ssd1306syp/Adafruit_GFX.cpp:511:9:int16_t Adafruit_GFX::width()	0	static
sources/driver/Adafruit_ssd1306syp/Adafruit_GFX.cpp:515:9:int16_t Adafruit_GFX::height()	0	static
