Archive member included to satisfy reference by file (symbol)

/home/ngothanhnha/workspace/tools/gcc-arm-none-eabi-10.3-2021.10/arm-none-eabi/lib/thumb/v7-m/nofp/libc.a(lib_a-atof.o)
                              build_ak-base-kit-stm32l151-application/WString.o (atof)
/home/ngothanhnha/workspace/tools/gcc-arm-none-eabi-10.3-2021.10/arm-none-eabi/lib/thumb/v7-m/nofp/libc.a(lib_a-atol.o)
                              build_ak-base-kit-stm32l151-application/WString.o (atol)
/home/ngothanhnha/workspace/tools/gcc-arm-none-eabi-10.3-2021.10/arm-none-eabi/lib/thumb/v7-m/nofp/libc.a(lib_a-isspace.o)
                              build_ak-base-kit-stm32l151-application/WString.o (isspace)
/home/ngothanhnha/workspace/tools/gcc-arm-none-eabi-10.3-2021.10/arm-none-eabi/lib/thumb/v7-m/nofp/libc.a(lib_a-malloc.o)
                              build_ak-base-kit-stm32l151-application/message.o (malloc)
/home/ngothanhnha/workspace/tools/gcc-arm-none-eabi-10.3-2021.10/arm-none-eabi/lib/thumb/v7-m/nofp/libc.a(lib_a-mallocr.o)
                              /home/ngothanhnha/workspace/tools/gcc-arm-none-eabi-10.3-2021.10/arm-none-eabi/lib/thumb/v7-m/nofp/libc.a(lib_a-malloc.o) (_malloc_r)
/home/ngothanhnha/workspace/tools/gcc-arm-none-eabi-10.3-2021.10/arm-none-eabi/lib/thumb/v7-m/nofp/libc.a(lib_a-memcmp.o)
                              build_ak-base-kit-stm32l151-application/mbmfuncfiles.o (memcmp)
/home/ngothanhnha/workspace/tools/gcc-arm-none-eabi-10.3-2021.10/arm-none-eabi/lib/thumb/v7-m/nofp/libc.a(lib_a-memcpy.o)
                              build_ak-base-kit-stm32l151-application/message.o (memcpy)
/home/ngothanhnha/workspace/tools/gcc-arm-none-eabi-10.3-2021.10/arm-none-eabi/lib/thumb/v7-m/nofp/libc.a(lib_a-memmove.o)
                              build_ak-base-kit-stm32l151-application/WString.o (memmove)
/home/ngothanhnha/workspace/tools/gcc-arm-none-eabi-10.3-2021.10/arm-none-eabi/lib/thumb/v7-m/nofp/libc.a(lib_a-memset.o)
                              build_ak-base-kit-stm32l151-application/task.o (memset)
/home/ngothanhnha/workspace/tools/gcc-arm-none-eabi-10.3-2021.10/arm-none-eabi/lib/thumb/v7-m/nofp/libc.a(lib_a-mlock.o)
                              /home/ngothanhnha/workspace/tools/gcc-arm-none-eabi-10.3-2021.10/arm-none-eabi/lib/thumb/v7-m/nofp/libc.a(lib_a-mallocr.o) (__malloc_lock)
/home/ngothanhnha/workspace/tools/gcc-arm-none-eabi-10.3-2021.10/arm-none-eabi/lib/thumb/v7-m/nofp/libc.a(lib_a-rand.o)
                              build_ak-base-kit-stm32l151-application/WMath.o (srand)
/home/ngothanhnha/workspace/tools/gcc-arm-none-eabi-10.3-2021.10/arm-none-eabi/lib/thumb/v7-m/nofp/libc.a(lib_a-realloc.o)
                              build_ak-base-kit-stm32l151-application/WString.o (realloc)
/home/ngothanhnha/workspace/tools/gcc-arm-none-eabi-10.3-2021.10/arm-none-eabi/lib/thumb/v7-m/nofp/libc.a(lib_a-reallocr.o)
                              /home/ngothanhnha/workspace/tools/gcc-arm-none-eabi-10.3-2021.10/arm-none-eabi/lib/thumb/v7-m/nofp/libc.a(lib_a-realloc.o) (_realloc_r)
/home/ngothanhnha/workspace/tools/gcc-arm-none-eabi-10.3-2021.10/arm-none-eabi/lib/thumb/v7-m/nofp/libc.a(lib_a-sbrkr.o)
                              /home/ngothanhnha/workspace/tools/gcc-arm-none-eabi-10.3-2021.10/arm-none-eabi/lib/thumb/v7-m/nofp/libc.a(lib_a-mallocr.o) (_sbrk_r)
/home/ngothanhnha/workspace/tools/gcc-arm-none-eabi-10.3-2021.10/arm-none-eabi/lib/thumb/v7-m/nofp/libc.a(lib_a-strcat.o)
                              build_ak-base-kit-stm32l151-application/dtostrf.o (strcat)
/home/ngothanhnha/workspace/tools/gcc-arm-none-eabi-10.3-2021.10/arm-none-eabi/lib/thumb/v7-m/nofp/libc.a(lib_a-strchr.o)
                              build_ak-base-kit-stm32l151-application/WString.o (strchr)
/home/ngothanhnha/workspace/tools/gcc-arm-none-eabi-10.3-2021.10/arm-none-eabi/lib/thumb/v7-m/nofp/libc.a(lib_a-strcmp.o)
                              build_ak-base-kit-stm32l151-application/cmd_line.o (strcmp)
/home/ngothanhnha/workspace/tools/gcc-arm-none-eabi-10.3-2021.10/arm-none-eabi/lib/thumb/v7-m/nofp/libc.a(lib_a-strcpy.o)
                              build_ak-base-kit-stm32l151-application/sys_dbg.o (strcpy)
/home/ngothanhnha/workspace/tools/gcc-arm-none-eabi-10.3-2021.10/arm-none-eabi/lib/thumb/v7-m/nofp/libc.a(lib_a-strlen-stub.o)
                              build_ak-base-kit-stm32l151-application/xprintf.o (strlen)
/home/ngothanhnha/workspace/tools/gcc-arm-none-eabi-10.3-2021.10/arm-none-eabi/lib/thumb/v7-m/nofp/libc.a(lib_a-strncmp.o)
                              build_ak-base-kit-stm32l151-application/WString.o (strncmp)
/home/ngothanhnha/workspace/tools/gcc-arm-none-eabi-10.3-2021.10/arm-none-eabi/lib/thumb/v7-m/nofp/libc.a(lib_a-strncpy.o)
                              build_ak-base-kit-stm32l151-application/WString.o (strncpy)
/home/ngothanhnha/workspace/tools/gcc-arm-none-eabi-10.3-2021.10/arm-none-eabi/lib/thumb/v7-m/nofp/libc.a(lib_a-strrchr.o)
[...]
Memory Configuration

Name             Origin             Length             Attributes
BSF              0x0000000008002000 0x0000000000001000 xr
FLASH            0x0000000008003000 0x000000000001d000 xr
SRAM             0x0000000020000000 0x0000000000004000 xrw
*default*        0x0000000000000000 0xffffffffffffffff

Linker script and memory map

                0x0000000000000800                HEAP_SIZE = 0x800

.start_boot_share_data_flash
                0x0000000008002000        0x0
                0x0000000008002000                _start_boot_share_data_flash = .

.start_flash    0x0000000008003000        0x0
                0x0000000008003000                _start_flash = .

.isr_vector     0x0000000008003000       0xf4
                0x0000000008003000                _isr_vector = .
 *(.isr_vector)
 .isr_vector    0x0000000008003000       0xf4 build_ak-base-kit-stm32l151-application/system.o
                0x0000000008003000                isr_vector
                0x00000000080030f4                . = ALIGN (0x4)

.text           0x00000000080030f8     0xe900
                0x00000000080030f8                . = ALIGN (0x4)
 *(.text)
 .text          0x00000000080030f8       0xec /home/ngothanhnha/workspace/tools/gcc-arm-none-eabi-10.3-2021.10/arm-none-eabi/lib/thumb/v7-m/nofp/libc.a(lib_a-memcpy.o)
                0x00000000080030f8                memcpy
 .text          0x00000000080031e4      0x1bc /home/ngothanhnha/workspace/tools/gcc-arm-none-eabi-10.3-2021.10/arm-none-eabi/lib/thumb/v7-m/nofp/libc.a(lib_a-strcmp.o)
                0x00000000080031e4                strcmp
 .text          0x00000000080033a0      0x378 /home/ngothanhnha/workspace/tools/gcc-arm-none-eabi-10.3-2021.10/lib/gcc/arm-none-eabi/10.3.1/thumb/v7-m/nofp/libgcc.a(_arm_addsubdf3.o)
                0x00000000080033a0                __aeabi_drsub
                0x00000000080033a8                __aeabi_dsub
                0x00000000080033a8                __subdf3
                0x00000000080033ac                __adddf3
                0x00000000080033ac                __aeabi_dadd
                0x0000000008003624                __aeabi_ui2d
                0x0000000008003624                __floatunsidf
                0x0000000008003644                __floatsidf
                0x0000000008003644                __aeabi_i2d
                0x0000000008003668                __extendsfdf2
                0x0000000008003668                __aeabi_f2d
                0x00000000080036ac                __aeabi_ul2d
                0x00000000080036ac                __floatundidf
                0x00000000080036bc                __floatdidf
                0x00000000080036bc                __aeabi_l2d
 .text          0x0000000008003718      0x424 /home/ngothanhnha/workspace/tools/gcc-arm-none-eabi-10.3-2021.10/lib/gcc/arm-none-eabi/10.3.1/thumb/v7-m/nofp/libgcc.a(_arm_muldivdf3.o)
                0x0000000008003718                __aeabi_dmul
                0x0000000008003718                __muldf3
                0x000000000800396c                __aeabi_ddiv
                0x000000000800396c                __divdf3
 .text          0x0000000008003b3c      0x110 /home/ngothanhnha/workspace/tools/gcc-arm-none-eabi-10.3-2021.10/lib/gcc/arm-none-eabi/10.3.1/thumb/v7-m/nofp/libgcc.a(_arm_cmpdf2.o)
                0x0000000008003b3c                __gtdf2
                0x0000000008003b3c                __gedf2
                0x0000000008003b44                __ltdf2
                0x0000000008003b44                __ledf2
                0x0000000008003b4c                __cmpdf2
                0x0000000008003b4c                __eqdf2
                0x0000000008003b4c                __nedf2
                0x0000000008003bc8                __aeabi_cdrcmple
                0x0000000008003bd8                __aeabi_cdcmple
                0x0000000008003bd8                __aeabi_cdcmpeq
                0x0000000008003be8                __aeabi_dcmpeq
                0x0000000008003bfc                __aeabi_dcmplt
                0x0000000008003c10                __aeabi_dcmple
                0x0000000008003c24                __aeabi_dcmpge
                0x0000000008003c38                __aeabi_dcmpgt
 .text          0x0000000008003c4c       0x2c /home/ngothanhnha/workspace/tools/gcc-arm-none-eabi-10.3-2021.10/lib/gcc/arm-none-eabi/10.3.1/thumb/v7-m/nofp/libgcc.a(_arm_unorddf2.o)
                0x0000000008003c4c                __aeabi_dcmpun
                0x0000000008003c4c                __unorddf2
 .text          0x0000000008003c78       0x50 /home/ngothanhnha/workspace/tools/gcc-arm-none-eabi-10.3-2021.10/lib/gcc/arm-none-eabi/10.3.1/thumb/v7-m/nofp/libgcc.a(_arm_fixdfsi.o)
                0x0000000008003c78                __fixdfsi
                0x0000000008003c78                __aeabi_d2iz
 .text          0x0000000008003cc8       0x40 /home/ngothanhnha/workspace/tools/gcc-arm-none-eabi-10.3-2021.10/lib/gcc/arm-none-eabi/10.3.1/thumb/v7-m/nofp/libgcc.a(_arm_fixunsdfsi.o)
                0x0000000008003cc8                __fixunsdfsi
                0x0000000008003cc8                __aeabi_d2uiz
 .text          0x0000000008003d08      0x21c /home/ngothanhnha/workspace/tools/gcc-arm-none-eabi-10.3-2021.10/lib/gcc/arm-none-eabi/10.3.1/thumb/v7-m/nofp/libgcc.a(_arm_addsubsf3.o)
                0x0000000008003d08                __aeabi_frsub
                0x0000000008003d10                __subsf3
                0x0000000008003d10                __aeabi_fsub
                0x0000000008003d14                __aeabi_fadd
                0x0000000008003d14                __addsf3
                0x0000000008003e74                __aeabi_ui2f
                0x0000000008003e74                __floatunsisf
                0x0000000008003e7c                __aeabi_i2f
                0x0000000008003e7c                __floatsisf
                0x0000000008003e98                __floatundisf
                0x0000000008003e98                __aeabi_ul2f
                0x0000000008003ea8                __floatdisf
                0x0000000008003ea8                __aeabi_l2f
 .text          0x0000000008003f24       0x30 /home/ngothanhnha/workspace/tools/gcc-arm-none-eabi-10.3-2021.10/lib/gcc/arm-none-eabi/10.3.1/thumb/v7-m/nofp/libgcc.a(_aeabi_uldivmod.o)
                0x0000000008003f24                __aeabi_uldivmod
 .text          0x0000000008003f54      0x2d4 /home/ngothanhnha/workspace/tools/gcc-arm-none-eabi-10.3-2021.10/lib/gcc/arm-none-eabi/10.3.1/thumb/v7-m/nofp/libgcc.a(_udivmoddi4.o)
                0x0000000008003f54                __udivmoddi4
 .text          0x0000000008004228        0x4 /home/ngothanhnha/workspace/tools/gcc-arm-none-eabi-10.3-2021.10/lib/gcc/arm-none-eabi/10.3.1/thumb/v7-m/nofp/libgcc.a(_dvmd_tls.o)
                0x0000000008004228                __aeabi_ldiv0
                0x0000000008004228                __aeabi_idiv0
 *(.text*)
 .text.fsm_dispatch
                0x000000000800422c        0x6 build_ak-base-kit-stm32l151-application/fsm.o
                0x000000000800422c                fsm_dispatch
 *fill*         0x0000000008004232        0x2 
 .text.task_create
                0x0000000008004234       0x3c build_ak-base-kit-stm32l151-application/task.o
                0x0000000008004234                task_create
 .text.task_polling_create
                0x0000000008004270       0x34 build_ak-base-kit-stm32l151-application/task.o
                0x0000000008004270                task_polling_create
 .text.task_post
                0x00000000080042a4       0x84 build_ak-base-kit-stm32l151-application/task.o
                0x00000000080042a4                task_post
 .text.task_remove_msg
                0x0000000008004328       0xb4 build_ak-base-kit-stm32l151-application/task.o
                0x0000000008004328                task_remove_msg
 .text.task_post_pure_msg
                0x00000000080043dc       0x18 build_ak-base-kit-stm32l151-application/task.o
                0x00000000080043dc                task_post_pure_msg
 .text.task_post_common_msg
                0x00000000080043f4       0x2a build_ak-base-kit-stm32l151-application/task.o
                0x00000000080043f4                task_post_common_msg
 *fill*         0x000000000800441e        0x2 
 .text.task_entry_interrupt
                0x0000000008004420       0x1c build_ak-base-kit-stm32l151-application/task.o
                0x0000000008004420                task_entry_interrupt
 .text.task_exit_interrupt
                0x000000000800443c       0x24 build_ak-base-kit-stm32l151-application/task.o
                0x000000000800443c                task_exit_interrupt
 .text.task_init
                0x0000000008004460       0x40 build_ak-base-kit-stm32l151-application/task.o
                0x0000000008004460                task_init
 .text.task_polling_run
                0x00000000080044a0       0x34 build_ak-base-kit-stm32l151-application/task.o
                0x00000000080044a0                task_polling_run
 .text.task_run
                0x00000000080044d4      0x138 build_ak-base-kit-stm32l151-application/task.o
                0x00000000080044d4                task_run
 .text.get_current_task_id
                0x000000000800460c        0xc build_ak-base-kit-stm32l151-application/task.o
                0x000000000800460c                get_current_task_id
 .text.get_current_task_info
                0x0000000008004618        0x8 build_ak-base-kit-stm32l151-application/task.o
                0x0000000008004618                get_current_task_info
 .text.get_current_active_object
                0x0000000008004620        0x8 build_ak-base-kit-stm32l151-application/task.o
                0x0000000008004620                get_current_active_object
 .text.timer_remove_msg
                0x0000000008004628       0x64 build_ak-base-kit-stm32l151-application/timer.o
 .text.task_timer_tick
                0x000000000800468c       0x7c build_ak-base-kit-stm32l151-application/timer.o
                0x000000000800468c                task_timer_tick
 .text.timer_init
                0x0000000008004708       0x6c build_ak-base-kit-stm32l151-application/timer.o
                0x0000000008004708                timer_init
 .text.timer_tick
                0x0000000008004774       0x38 build_ak-base-kit-stm32l151-application/timer.o
                0x0000000008004774                timer_tick
 .text.timer_set
                0x00000000080047ac       0x98 build_ak-base-kit-stm32l151-application/timer.o
                0x00000000080047ac                timer_set
 .text.timer_remove_attr
                0x0000000008004844       0x18 build_ak-base-kit-stm32l151-application/timer.o
                0x0000000008004844                timer_remove_attr
 .text.free_common_msg
                0x000000000800485c       0x28 build_ak-base-kit-stm32l151-application/message.o
 .text.free_pure_msg
                0x0000000008004884       0x28 build_ak-base-kit-stm32l151-application/message.o
 .text.free_dynamic_msg
                0x00000000080048ac       0x30 build_ak-base-kit-stm32l151-application/message.o
 .text.msg_init
                0x00000000080048dc      0x100 build_ak-base-kit-stm32l151-application/message.o
                0x00000000080048dc                msg_init
 .text.msg_force_free
                0x00000000080049dc       0x44 build_ak-base-kit-stm32l151-application/message.o
                0x00000000080049dc                msg_force_free
 .text.msg_inc_ref_count
                0x0000000008004a20       0x2c build_ak-base-kit-stm32l151-application/message.o
                0x0000000008004a20                msg_inc_ref_count
 .text.msg_dec_ref_count
                0x0000000008004a4c       0x28 build_ak-base-kit-stm32l151-application/message.o
                0x0000000008004a4c                msg_dec_ref_count
 .text.msg_free
                0x0000000008004a74       0x58 build_ak-base-kit-stm32l151-application/message.o
                0x0000000008004a74                msg_free
 .text.ak_malloc
                0x0000000008004acc       0x50 build_ak-base-kit-stm32l151-application/message.o
                0x0000000008004acc                ak_malloc
 .text.ak_free  0x0000000008004b1c        0x4 build_ak-base-kit-stm32l151-application/message.o
                0x0000000008004b1c                ak_free
 .text.get_pure_msg
                0x0000000008004b20       0x5c build_ak-base-kit-stm32l151-application/message.o
                0x0000000008004b20                get_pure_msg
 .text.get_common_msg
                0x0000000008004b7c       0x60 build_ak-base-kit-stm32l151-application/message.o
                0x0000000008004b7c                get_common_msg
 .text.set_data_common_msg
                0x0000000008004bdc       0x4c build_ak-base-kit-stm32l151-application/message.o
                0x0000000008004bdc                set_data_common_msg
 .text.get_data_common_msg
                0x0000000008004c28       0x28 build_ak-base-kit-stm32l151-application/message.o
                0x0000000008004c28                get_data_common_msg
 .text.get_data_len_common_msg
                0x0000000008004c50       0x28 build_ak-base-kit-stm32l151-application/message.o
                0x0000000008004c50                get_data_len_common_msg
 .text.get_dynamic_msg
                0x0000000008004c78       0x64 build_ak-base-kit-stm32l151-application/message.o
                0x0000000008004c78                get_dynamic_msg
 .text.set_data_dynamic_msg
                0x0000000008004cdc       0x3c build_ak-base-kit-stm32l151-application/message.o
                0x0000000008004cdc                set_data_dynamic_msg
 .text.get_data_dynamic_msg
                0x0000000008004d18       0x28 build_ak-base-kit-stm32l151-application/message.o
                0x0000000008004d18                get_data_dynamic_msg
 .text.get_data_len_dynamic_msg
                0x0000000008004d40        0x4 build_ak-base-kit-stm32l151-application/message.o
                0x0000000008004d40                get_data_len_dynamic_msg
 .text.log_queue_init
                0x0000000008004d44       0x2e build_ak-base-kit-stm32l151-application/log_queue.o
                0x0000000008004d44                log_queue_init
 .text.log_queue_len
                0x0000000008004d72        0x4 build_ak-base-kit-stm32l151-application/log_queue.o
                0x0000000008004d72                log_queue_len
 .text.log_queue_put
                0x0000000008004d76       0x5c build_ak-base-kit-stm32l151-application/log_queue.o
                0x0000000008004d76                log_queue_put
 .text.log_queue_get
                0x0000000008004dd2       0x30 build_ak-base-kit-stm32l151-application/log_queue.o
                0x0000000008004dd2                log_queue_get
 .text.fifo_init
                0x0000000008004e02       0x12 build_ak-base-kit-stm32l151-application/fifo.o
                0x0000000008004e02                fifo_init
 .text.fifo_availble
                0x0000000008004e14        0x4 build_ak-base-kit-stm32l151-application/fifo.o
                0x0000000008004e14                fifo_availble
 .text.fifo_is_full
                0x0000000008004e18        0xc build_ak-base-kit-stm32l151-application/fifo.o
                0x0000000008004e18                fifo_is_full
 .text.fifo_put
                0x0000000008004e24       0x54 build_ak-base-kit-stm32l151-application/fifo.o
                0x0000000008004e24                fifo_put
 .text.fifo_get
                0x0000000008004e78       0x50 build_ak-base-kit-stm32l151-application/fifo.o
                0x0000000008004e78                fifo_get
 .text.ring_buffer_char_init
                0x0000000008004ec8        0xc build_ak-base-kit-stm32l151-application/ring_buffer.o
                0x0000000008004ec8                ring_buffer_char_init
 .text.ring_buffer_char_is_empty
                0x0000000008004ed4        0xa build_ak-base-kit-stm32l151-application/ring_buffer.o
                0x0000000008004ed4                ring_buffer_char_is_empty
 .text.ring_buffer_char_put
                0x0000000008004ede       0x36 build_ak-base-kit-stm32l151-application/ring_buffer.o
                0x0000000008004ede                ring_buffer_char_put
 .text.ring_buffer_char_get
                0x0000000008004f14       0x26 build_ak-base-kit-stm32l151-application/ring_buffer.o
                0x0000000008004f14                ring_buffer_char_get
 .text.mem_read
                0x0000000008004f3a       0x18 build_ak-base-kit-stm32l151-application/utils.o
                0x0000000008004f3a                mem_read
 .text.mem_write
                0x0000000008004f52       0x1a build_ak-base-kit-stm32l151-application/utils.o
                0x0000000008004f52                mem_write
 *fill*         0x0000000008004f6c        0x4 
 .text.ilog10   0x0000000008004f70       0xd8 build_ak-base-kit-stm32l151-application/xprintf.o
 .text.i10x     0x0000000008005048       0x78 build_ak-base-kit-stm32l151-application/xprintf.o
 .text.xfputc   0x00000000080050c0       0x30 build_ak-base-kit-stm32l151-application/xprintf.o
                0x00000000080050c0                xfputc
 .text.xputc    0x00000000080050f0       0x10 build_ak-base-kit-stm32l151-application/xprintf.o
                0x00000000080050f0                xputc
 .text.xvfprintf
                0x0000000008005100      0x580 build_ak-base-kit-stm32l151-application/xprintf.o
 .text.xprintf  0x0000000008005680       0x24 build_ak-base-kit-stm32l151-application/xprintf.o
                0x0000000008005680                xprintf
 .text.xsprintf
                0x00000000080056a4       0x2c build_ak-base-kit-stm32l151-application/xprintf.o
                0x00000000080056a4                xsprintf
 .text.cmd_line_parser
                0x00000000080056d0       0x7c build_ak-base-kit-stm32l151-application/cmd_line.o
                0x00000000080056d0                cmd_line_parser
 .text.button_init
                0x000000000800574c       0x34 build_ak-base-kit-stm32l151-application/button.o
                0x000000000800574c                button_init
 .text.button_enable
                0x0000000008005780        0x6 build_ak-base-kit-stm32l151-application/button.o
                0x0000000008005780                button_enable
 .text.button_timer_polling
                0x0000000008005786       0x76 build_ak-base-kit-stm32l151-application/button.o
                0x0000000008005786                button_timer_polling
 .text.flash_wait_to_idle
                0x00000000080057fc       0x32 build_ak-base-kit-stm32l151-application/flash.o
 .text.flash_set_write_enable.constprop.0
                0x000000000800582e       0x14 build_ak-base-kit-stm32l151-application/flash.o
 .text.flash_is_connected
                0x0000000008005842       0x22 build_ak-base-kit-stm32l151-application/flash.o
                0x0000000008005842                flash_is_connected
 .text.flash_read
                0x0000000008005864       0x5e build_ak-base-kit-stm32l151-application/flash.o
                0x0000000008005864                flash_read
 .text.flash_write
                0x00000000080058c2       0x6c build_ak-base-kit-stm32l151-application/flash.o
                0x00000000080058c2                flash_write
 .text.flash_erase_sector
                0x000000000800592e       0x48 build_ak-base-kit-stm32l151-application/flash.o
                0x000000000800592e                flash_erase_sector
 .text.flash_erase_block_64k
                0x0000000008005976       0x46 build_ak-base-kit-stm32l151-application/flash.o
                0x0000000008005976                flash_erase_block_64k
 .text.led_init
                0x00000000080059bc       0x20 build_ak-base-kit-stm32l151-application/led.o
                0x00000000080059bc                led_init
 .text.led_on   0x00000000080059dc        0xc build_ak-base-kit-stm32l151-application/led.o
                0x00000000080059dc                led_on
 .text.led_off  0x00000000080059e8        0xc build_ak-base-kit-stm32l151-application/led.o
                0x00000000080059e8                led_off
 .text.led_toggle
                0x00000000080059f4       0x12 build_ak-base-kit-stm32l151-application/led.o
                0x00000000080059f4                led_toggle
 *fill*         0x0000000008005a06        0x2 
 .text.BUZZER_Init
                0x0000000008005a08       0xe0 build_ak-base-kit-stm32l151-application/buzzer.o
                0x0000000008005a08                BUZZER_Init
 .text.BUZZER_Disable
                0x0000000008005ae8       0x38 build_ak-base-kit-stm32l151-application/buzzer.o
                0x0000000008005ae8                BUZZER_Disable
 .text.BUZZER_Enable
                0x0000000008005b20       0x84 build_ak-base-kit-stm32l151-application/buzzer.o
                0x0000000008005b20                BUZZER_Enable
 .text.buzzer_irq
                0x0000000008005ba4       0x98 build_ak-base-kit-stm32l151-application/buzzer.o
                0x0000000008005ba4                buzzer_irq
 .text.BUZZER_PlayTones
                0x0000000008005c3c        0x2 build_ak-base-kit-stm32l151-application/buzzer.o
                0x0000000008005c3c                BUZZER_PlayTones
 *fill*         0x0000000008005c3e        0x2 
 .text.sys_dbg_cpu_dump
                0x0000000008005c40       0x4c build_ak-base-kit-stm32l151-application/sys_dbg.o
                0x0000000008005c40                sys_dbg_cpu_dump
 .text.sys_dbg_stack_space_dump
                0x0000000008005c8c       0x30 build_ak-base-kit-stm32l151-application/sys_dbg.o
                0x0000000008005c8c                sys_dbg_stack_space_dump
 .text.sys_dbg_fatal
                0x0000000008005cbc      0x3cc build_ak-base-kit-stm32l151-application/sys_dbg.o
                0x0000000008005cbc                sys_dbg_fatal
 .text.sys_boot_init
                0x0000000008006088       0x14 build_ak-base-kit-stm32l151-application/sys_boot.o
                0x0000000008006088                sys_boot_init
 .text.sys_boot_get
                0x000000000800609c        0xc build_ak-base-kit-stm32l151-application/sys_boot.o
                0x000000000800609c                sys_boot_get
 .text.sys_boot_set
                0x00000000080060a8       0x34 build_ak-base-kit-stm32l151-application/sys_boot.o
                0x00000000080060a8                sys_boot_set
 .text.eMBExceptionToErrorcode
                0x00000000080060dc       0x14 build_ak-base-kit-stm32l151-application/mbutils.o
                0x00000000080060dc                eMBExceptionToErrorcode
 .text.eMBMReleaseHdl
                0x00000000080060f0       0x58 build_ak-base-kit-stm32l151-application/mbm.o
 .text.bMBMResponseTimeoutCB
                0x0000000008006148       0x18 build_ak-base-kit-stm32l151-application/mbm.o
 .text.bMBMIsHdlValid
                0x0000000008006160       0x18 build_ak-base-kit-stm32l151-application/mbm.o
                0x0000000008006160                bMBMIsHdlValid
 .text.vMBMMasterTransactionPolled
                0x0000000008006178       0xae build_ak-base-kit-stm32l151-application/mbm.o
                0x0000000008006178                vMBMMasterTransactionPolled
 *fill*         0x0000000008006226        0x2 
 .text.eMBMSerialInitExt
                0x0000000008006228       0xcc build_ak-base-kit-stm32l151-application/mbm.o
                0x0000000008006228                eMBMSerialInitExt
 .text.usMBMCRC16
                0x00000000080062f4       0x2c build_ak-base-kit-stm32l151-application/mbmcrc.o
                0x00000000080062f4                usMBMCRC16
 .text.bMBMSerialWaitCB
                0x0000000008006320       0x3c build_ak-base-kit-stm32l151-application/mbmrtu.o
 .text.bMBMSerialRTUT35CB
                0x000000000800635c       0x58 build_ak-base-kit-stm32l151-application/mbmrtu.o
 .text.bMBMSerialRTUTransmitterEmptyAPIV1CB
                0x00000000080063b4       0xb2 build_ak-base-kit-stm32l151-application/mbmrtu.o
 .text.bMBMSerialRTUReceiverAPIV1CB
                0x0000000008006466       0xa0 build_ak-base-kit-stm32l151-application/mbmrtu.o
 *fill*         0x0000000008006506        0x2 
 .text.eMBMSerialRTUFrameCloseInternal
                0x0000000008006508       0x90 build_ak-base-kit-stm32l151-application/mbmrtu.o
 .text.eMBMSerialRTUFrameReceive
                0x0000000008006598       0xc4 build_ak-base-kit-stm32l151-application/mbmrtu.o
 .text.eMBMSerialRTUFrameSend
                0x000000000800665c       0xd0 build_ak-base-kit-stm32l151-application/mbmrtu.o
 .text.eMBMSerialRTUFrameClose
                0x000000000800672c       0x18 build_ak-base-kit-stm32l151-application/mbmrtu.o
 .text.eMBMSerialRTUInit
                0x0000000008006744      0x118 build_ak-base-kit-stm32l151-application/mbmrtu.o
                0x0000000008006744                eMBMSerialRTUInit
 .text.vMBMReadHoldingRegistersPolled
                0x000000000800685c      0x136 build_ak-base-kit-stm32l151-application/mbmfuncholding.o
                0x000000000800685c                vMBMReadHoldingRegistersPolled
 .text.eMBMReadHoldingRegisters
                0x0000000008006992       0x42 build_ak-base-kit-stm32l151-application/mbmfuncholding.o
                0x0000000008006992                eMBMReadHoldingRegisters
 .text.vMBMReadCoilsPolled
                0x00000000080069d4      0x114 build_ak-base-kit-stm32l151-application/mbmfunccoils.o
                0x00000000080069d4                vMBMReadCoilsPolled
 .text.eMBMReadCoils
                0x0000000008006ae8       0x42 build_ak-base-kit-stm32l151-application/mbmfunccoils.o
                0x0000000008006ae8                eMBMReadCoils
 .text.vMBMReadDiscreteInputsPolled
                0x0000000008006b2a      0x114 build_ak-base-kit-stm32l151-application/mbmfuncdisc.o
                0x0000000008006b2a                vMBMReadDiscreteInputsPolled
 .text.eMBMReadDiscreteInputs
                0x0000000008006c3e       0x42 build_ak-base-kit-stm32l151-application/mbmfuncdisc.o
                0x0000000008006c3e                eMBMReadDiscreteInputs
 .text.vMBMReadInputRegistersPolled
                0x0000000008006c80      0x120 build_ak-base-kit-stm32l151-application/mbmfuncinput.o
                0x0000000008006c80                vMBMReadInputRegistersPolled
 .text.eMBMReadInputRegisters
                0x0000000008006da0       0x42 build_ak-base-kit-stm32l151-application/mbmfuncinput.o
                0x0000000008006da0                eMBMReadInputRegisters
 *fill*         0x0000000008006de2        0x2 
 .text.eMBPEventCreate
                0x0000000008006de4       0x5c build_ak-base-kit-stm32l151-application/mbportevent.o
                0x0000000008006de4                eMBPEventCreate
 .text.eMBPEventPost
                0x0000000008006e40       0x2c build_ak-base-kit-stm32l151-application/mbportevent.o
                0x0000000008006e40                eMBPEventPost
 .text.bMBPEventGet
                0x0000000008006e6c       0x34 build_ak-base-kit-stm32l151-application/mbportevent.o
                0x0000000008006e6c                bMBPEventGet
 .text.vMBPEventDelete
                0x0000000008006ea0       0x2c build_ak-base-kit-stm32l151-application/mbportevent.o
                0x0000000008006ea0                vMBPEventDelete
 .text.vMBPAssert
                0x0000000008006ecc       0x1c build_ak-base-kit-stm32l151-application/mbportother.o
                0x0000000008006ecc                vMBPAssert
 .text.vMBPEnterCritical
                0x0000000008006ee8        0x4 build_ak-base-kit-stm32l151-application/mbportother.o
                0x0000000008006ee8                vMBPEnterCritical
 .text.vMBPExitCritical
                0x0000000008006eec        0x4 build_ak-base-kit-stm32l151-application/mbportother.o
                0x0000000008006eec                vMBPExitCritical
 .text.eMBPSerialInit
                0x0000000008006ef0      0x14c build_ak-base-kit-stm32l151-application/mbportserial.o
                0x0000000008006ef0                eMBPSerialInit
 .text.eMBPSerialClose
                0x000000000800703c       0x58 build_ak-base-kit-stm32l151-application/mbportserial.o
                0x000000000800703c                eMBPSerialClose
 .text.eMBPSerialTxEnable
                0x0000000008007094       0x70 build_ak-base-kit-stm32l151-application/mbportserial.o
                0x0000000008007094                eMBPSerialTxEnable
 .text.eMBPSerialRxEnable
                0x0000000008007104       0x5c build_ak-base-kit-stm32l151-application/mbportserial.o
                0x0000000008007104                eMBPSerialRxEnable
 .text.vMBPUSART2ISR
                0x0000000008007160       0xec build_ak-base-kit-stm32l151-application/mbportserial.o
                0x0000000008007160                vMBPUSART2ISR
 .text.eMBPTimerInit
                0x000000000800724c       0xec build_ak-base-kit-stm32l151-application/mbporttimer.o
                0x000000000800724c                eMBPTimerInit
 .text.vMBPTimerClose
                0x0000000008007338       0x28 build_ak-base-kit-stm32l151-application/mbporttimer.o
                0x0000000008007338                vMBPTimerClose
 .text.eMBPTimerStart
                0x0000000008007360       0x2c build_ak-base-kit-stm32l151-application/mbporttimer.o
                0x0000000008007360                eMBPTimerStart
 .text.eMBPTimerStop
                0x000000000800738c       0x30 build_ak-base-kit-stm32l151-application/mbporttimer.o
                0x000000000800738c                eMBPTimerStop
 .text.vMBPTimerISR
                0x00000000080073bc       0x58 build_ak-base-kit-stm32l151-application/mbporttimer.o
                0x00000000080073bc                vMBPTimerISR
 .text.GPIO_Init
                0x0000000008007414       0x78 build_ak-base-kit-stm32l151-application/stm32l1xx_gpio.o
                0x0000000008007414                GPIO_Init
 .text.GPIO_ReadInputDataBit
                0x000000000800748c        0xc build_ak-base-kit-stm32l151-application/stm32l1xx_gpio.o
                0x000000000800748c                GPIO_ReadInputDataBit
 .text.GPIO_SetBits
                0x0000000008007498        0x4 build_ak-base-kit-stm32l151-application/stm32l1xx_gpio.o
                0x0000000008007498                GPIO_SetBits
 .text.GPIO_ResetBits
                0x000000000800749c        0x4 build_ak-base-kit-stm32l151-application/stm32l1xx_gpio.o
                0x000000000800749c                GPIO_ResetBits
 .text.GPIO_PinAFConfig
                0x00000000080074a0       0x24 build_ak-base-kit-stm32l151-application/stm32l1xx_gpio.o
                0x00000000080074a0                GPIO_PinAFConfig
 .text.RCC_HSICmd
                0x00000000080074c4        0xc build_ak-base-kit-stm32l151-application/stm32l1xx_rcc.o
                0x00000000080074c4                RCC_HSICmd
 .text.RCC_GetClocksFreq
                0x00000000080074d0       0x9c build_ak-base-kit-stm32l151-application/stm32l1xx_rcc.o
                0x00000000080074d0                RCC_GetClocksFreq
 .text.RCC_AHBPeriphClockCmd
                0x000000000800756c       0x18 build_ak-base-kit-stm32l151-application/stm32l1xx_rcc.o
                0x000000000800756c                RCC_AHBPeriphClockCmd
 .text.RCC_APB2PeriphClockCmd
                0x0000000008007584       0x18 build_ak-base-kit-stm32l151-application/stm32l1xx_rcc.o
                0x0000000008007584                RCC_APB2PeriphClockCmd
 .text.RCC_APB1PeriphClockCmd
                0x000000000800759c       0x18 build_ak-base-kit-stm32l151-application/stm32l1xx_rcc.o
                0x000000000800759c                RCC_APB1PeriphClockCmd
 .text.RCC_APB2PeriphResetCmd
                0x00000000080075b4       0x18 build_ak-base-kit-stm32l151-application/stm32l1xx_rcc.o
                0x00000000080075b4                RCC_APB2PeriphResetCmd
 .text.RCC_APB1PeriphResetCmd
                0x00000000080075cc       0x18 build_ak-base-kit-stm32l151-application/stm32l1xx_rcc.o
                0x00000000080075cc                RCC_APB1PeriphResetCmd
 .text.RCC_GetFlagStatus
                0x00000000080075e4       0x20 build_ak-base-kit-stm32l151-application/stm32l1xx_rcc.o
                0x00000000080075e4                RCC_GetFlagStatus
 .text.USART_DeInit
                0x0000000008007604       0x9c build_ak-base-kit-stm32l151-application/stm32l1xx_usart.o
                0x0000000008007604                USART_DeInit
 .text.USART_Init
                0x00000000080076a0       0xa4 build_ak-base-kit-stm32l151-application/stm32l1xx_usart.o
                0x00000000080076a0                USART_Init
 .text.USART_ClockInit
                0x0000000008007744       0x20 build_ak-base-kit-stm32l151-application/stm32l1xx_usart.o
                0x0000000008007744                USART_ClockInit
 .text.USART_Cmd
                0x0000000008007764       0x18 build_ak-base-kit-stm32l151-application/stm32l1xx_usart.o
                0x0000000008007764                USART_Cmd
 .text.USART_SendData
                0x000000000800777c        0x8 build_ak-base-kit-stm32l151-application/stm32l1xx_usart.o
                0x000000000800777c                USART_SendData
 .text.USART_ReceiveData
                0x0000000008007784        0x8 build_ak-base-kit-stm32l151-application/stm32l1xx_usart.o
                0x0000000008007784                USART_ReceiveData
 .text.USART_ITConfig
                0x000000000800778c       0x30 build_ak-base-kit-stm32l151-application/stm32l1xx_usart.o
                0x000000000800778c                USART_ITConfig
 .text.USART_GetFlagStatus
                0x00000000080077bc        0xc build_ak-base-kit-stm32l151-application/stm32l1xx_usart.o
                0x00000000080077bc                USART_GetFlagStatus
 .text.USART_GetITStatus
                0x00000000080077c8       0x3e build_ak-base-kit-stm32l151-application/stm32l1xx_usart.o
                0x00000000080077c8                USART_GetITStatus
 .text.USART_ClearITPendingBit
                0x0000000008007806        0xe build_ak-base-kit-stm32l151-application/stm32l1xx_usart.o
                0x0000000008007806                USART_ClearITPendingBit
 .text.SPI_I2S_DeInit
                0x0000000008007814       0x64 build_ak-base-kit-stm32l151-application/stm32l1xx_spi.o
                0x0000000008007814                SPI_I2S_DeInit
 .text.SPI_Init
                0x0000000008007878       0x3e build_ak-base-kit-stm32l151-application/stm32l1xx_spi.o
                0x0000000008007878                SPI_Init
 .text.SPI_Cmd  0x00000000080078b6       0x18 build_ak-base-kit-stm32l151-application/stm32l1xx_spi.o
                0x00000000080078b6                SPI_Cmd
 .text.SPI_I2S_ReceiveData
                0x00000000080078ce        0x6 build_ak-base-kit-stm32l151-application/stm32l1xx_spi.o
                0x00000000080078ce                SPI_I2S_ReceiveData
 .text.SPI_I2S_SendData
                0x00000000080078d4        0x4 build_ak-base-kit-stm32l151-application/stm32l1xx_spi.o
                0x00000000080078d4                SPI_I2S_SendData
 .text.SPI_I2S_GetFlagStatus
                0x00000000080078d8        0xc build_ak-base-kit-stm32l151-application/stm32l1xx_spi.o
                0x00000000080078d8                SPI_I2S_GetFlagStatus
 .text.NVIC_PriorityGroupConfig
                0x00000000080078e4       0x14 build_ak-base-kit-stm32l151-application/misc.o
                0x00000000080078e4                NVIC_PriorityGroupConfig
 .text.NVIC_Init
                0x00000000080078f8       0x58 build_ak-base-kit-stm32l151-application/misc.o
                0x00000000080078f8                NVIC_Init
 .text.EXTI_GetFlagStatus
                0x0000000008007950       0x14 build_ak-base-kit-stm32l151-application/stm32l1xx_exti.o
                0x0000000008007950                EXTI_GetFlagStatus
 .text.EXTI_GetITStatus
                0x0000000008007964        0x4 build_ak-base-kit-stm32l151-application/stm32l1xx_exti.o
                0x0000000008007964                EXTI_GetITStatus
 .text.EXTI_ClearITPendingBit
                0x0000000008007968        0xc build_ak-base-kit-stm32l151-application/stm32l1xx_exti.o
                0x0000000008007968                EXTI_ClearITPendingBit
 .text.TIM_DeInit
                0x0000000008007974       0xe4 build_ak-base-kit-stm32l151-application/stm32l1xx_tim.o
                0x0000000008007974                TIM_DeInit
 .text.TIM_TimeBaseInit
                0x0000000008007a58       0x58 build_ak-base-kit-stm32l151-application/stm32l1xx_tim.o
                0x0000000008007a58                TIM_TimeBaseInit
 .text.TIM_ARRPreloadConfig
                0x0000000008007ab0       0x18 build_ak-base-kit-stm32l151-application/stm32l1xx_tim.o
                0x0000000008007ab0                TIM_ARRPreloadConfig
 .text.TIM_Cmd  0x0000000008007ac8       0x18 build_ak-base-kit-stm32l151-application/stm32l1xx_tim.o
                0x0000000008007ac8                TIM_Cmd
 .text.TIM_OC3Init
                0x0000000008007ae0       0x3c build_ak-base-kit-stm32l151-application/stm32l1xx_tim.o
                0x0000000008007ae0                TIM_OC3Init
 .text.TIM_OC3PreloadConfig
                0x0000000008007b1c       0x10 build_ak-base-kit-stm32l151-application/stm32l1xx_tim.o
                0x0000000008007b1c                TIM_OC3PreloadConfig
 .text.TIM_ITConfig
                0x0000000008007b2c       0x12 build_ak-base-kit-stm32l151-application/stm32l1xx_tim.o
                0x0000000008007b2c                TIM_ITConfig
 .text.TIM_GetITStatus
                0x0000000008007b3e       0x16 build_ak-base-kit-stm32l151-application/stm32l1xx_tim.o
                0x0000000008007b3e                TIM_GetITStatus
 .text.TIM_ClearITPendingBit
                0x0000000008007b54        0x8 build_ak-base-kit-stm32l151-application/stm32l1xx_tim.o
                0x0000000008007b54                TIM_ClearITPendingBit
 .text.ADC_Init
                0x0000000008007b5c       0x4c build_ak-base-kit-stm32l151-application/stm32l1xx_adc.o
                0x0000000008007b5c                ADC_Init
 .text.ADC_Cmd  0x0000000008007ba8       0x12 build_ak-base-kit-stm32l151-application/stm32l1xx_adc.o
                0x0000000008007ba8                ADC_Cmd
 *fill*         0x0000000008007bba        0x2 
 .text.ADC_TempSensorVrefintCmd
                0x0000000008007bbc       0x18 build_ak-base-kit-stm32l151-application/stm32l1xx_adc.o
                0x0000000008007bbc                ADC_TempSensorVrefintCmd
 .text.ADC_RegularChannelConfig
                0x0000000008007bd4      0x104 build_ak-base-kit-stm32l151-application/stm32l1xx_adc.o
                0x0000000008007bd4                ADC_RegularChannelConfig
 .text.ADC_SoftwareStartConv
                0x0000000008007cd8        0xa build_ak-base-kit-stm32l151-application/stm32l1xx_adc.o
                0x0000000008007cd8                ADC_SoftwareStartConv
 .text.ADC_GetConversionValue
                0x0000000008007ce2        0x6 build_ak-base-kit-stm32l151-application/stm32l1xx_adc.o
                0x0000000008007ce2                ADC_GetConversionValue
 .text.ADC_GetFlagStatus
                0x0000000008007ce8        0xc build_ak-base-kit-stm32l151-application/stm32l1xx_adc.o
                0x0000000008007ce8                ADC_GetFlagStatus
 .text.PWR_UltraLowPowerCmd
                0x0000000008007cf4        0xc build_ak-base-kit-stm32l151-application/stm32l1xx_pwr.o
                0x0000000008007cf4                PWR_UltraLowPowerCmd
 .text.PWR_EnterSTOPMode
                0x0000000008007d00       0x34 build_ak-base-kit-stm32l151-application/stm32l1xx_pwr.o
                0x0000000008007d00                PWR_EnterSTOPMode
 .text.FLASH_Lock
                0x0000000008007d34       0x10 build_ak-base-kit-stm32l151-application/stm32l1xx_flash.o
                0x0000000008007d34                FLASH_Lock
 .text.DATA_EEPROM_Unlock
                0x0000000008007d44       0x20 build_ak-base-kit-stm32l151-application/stm32l1xx_flash.o
                0x0000000008007d44                DATA_EEPROM_Unlock
 .text.FLASH_Unlock
                0x0000000008007d64       0x2c build_ak-base-kit-stm32l151-application/stm32l1xx_flash.o
                0x0000000008007d64                FLASH_Unlock
 .text.DATA_EEPROM_Lock
                0x0000000008007d90       0x10 build_ak-base-kit-stm32l151-application/stm32l1xx_flash.o
                0x0000000008007d90                DATA_EEPROM_Lock
 .text.FLASH_OB_Unlock
                0x0000000008007da0       0x2c build_ak-base-kit-stm32l151-application/stm32l1xx_flash.o
                0x0000000008007da0                FLASH_OB_Unlock
 .text.FLASH_OB_Launch
                0x0000000008007dcc       0x10 build_ak-base-kit-stm32l151-application/stm32l1xx_flash.o
                0x0000000008007dcc                FLASH_OB_Launch
 .text.FLASH_OB_GetBOR
                0x0000000008007ddc       0x10 build_ak-base-kit-stm32l151-application/stm32l1xx_flash.o
                0x0000000008007ddc                FLASH_OB_GetBOR
 .text.FLASH_ClearFlag
                0x0000000008007dec        0xc build_ak-base-kit-stm32l151-application/stm32l1xx_flash.o
                0x0000000008007dec                FLASH_ClearFlag
 .text.FLASH_GetStatus
                0x0000000008007df8       0x28 build_ak-base-kit-stm32l151-application/stm32l1xx_flash.o
                0x0000000008007df8                FLASH_GetStatus
 .text.FLASH_WaitForLastOperation
                0x0000000008007e20       0x3c build_ak-base-kit-stm32l151-application/stm32l1xx_flash.o
                0x0000000008007e20                FLASH_WaitForLastOperation
 .text.FLASH_ErasePage
                0x0000000008007e5c       0x44 build_ak-base-kit-stm32l151-application/stm32l1xx_flash.o
                0x0000000008007e5c                FLASH_ErasePage
 .text.FLASH_FastProgramWord
                0x0000000008007ea0       0x22 build_ak-base-kit-stm32l151-application/stm32l1xx_flash.o
                0x0000000008007ea0                FLASH_FastProgramWord
 .text.DATA_EEPROM_EraseWord
                0x0000000008007ec2       0x16 build_ak-base-kit-stm32l151-application/stm32l1xx_flash.o
                0x0000000008007ec2                DATA_EEPROM_EraseWord
 .text.DATA_EEPROM_FastProgramWord
                0x0000000008007ed8       0x30 build_ak-base-kit-stm32l151-application/stm32l1xx_flash.o
                0x0000000008007ed8                DATA_EEPROM_FastProgramWord
 .text.DATA_EEPROM_ProgramByte
                0x0000000008007f08       0x4c build_ak-base-kit-stm32l151-application/stm32l1xx_flash.o
                0x0000000008007f08                DATA_EEPROM_ProgramByte
 .text.FLASH_OB_BORConfig
                0x0000000008007f54       0x3c build_ak-base-kit-stm32l151-application/stm32l1xx_flash.o
                0x0000000008007f54                FLASH_OB_BORConfig
 .text.IWDG_WriteAccessCmd
                0x0000000008007f90        0xc build_ak-base-kit-stm32l151-application/stm32l1xx_iwdg.o
                0x0000000008007f90                IWDG_WriteAccessCmd
 .text.IWDG_SetPrescaler
                0x0000000008007f9c        0xc build_ak-base-kit-stm32l151-application/stm32l1xx_iwdg.o
                0x0000000008007f9c                IWDG_SetPrescaler
 .text.IWDG_SetReload
                0x0000000008007fa8        0xc build_ak-base-kit-stm32l151-application/stm32l1xx_iwdg.o
                0x0000000008007fa8                IWDG_SetReload
 .text.IWDG_ReloadCounter
                0x0000000008007fb4       0x10 build_ak-base-kit-stm32l151-application/stm32l1xx_iwdg.o
                0x0000000008007fb4                IWDG_ReloadCounter
 .text.IWDG_Enable
                0x0000000008007fc4       0x10 build_ak-base-kit-stm32l151-application/stm32l1xx_iwdg.o
                0x0000000008007fc4                IWDG_Enable
 .text.I2C_SendData
                0x0000000008007fd4        0x4 build_ak-base-kit-stm32l151-application/stm32l1xx_i2c.o
                0x0000000008007fd4                I2C_SendData
 .text.I2C_CheckEvent
                0x0000000008007fd8       0x18 build_ak-base-kit-stm32l151-application/stm32l1xx_i2c.o
                0x0000000008007fd8                I2C_CheckEvent
 .text.disable_interrupts
                0x0000000008007ff0       0x10 build_ak-base-kit-stm32l151-application/platform.o
                0x0000000008007ff0                disable_interrupts
 .text.entry_critical
                0x0000000008008000       0x14 build_ak-base-kit-stm32l151-application/platform.o
                0x0000000008008000                entry_critical
 .text.exit_critical
                0x0000000008008014       0x30 build_ak-base-kit-stm32l151-application/platform.o
                0x0000000008008014                exit_critical
 .text.default_handler
                0x0000000008008044       0x1c build_ak-base-kit-stm32l151-application/system.o
                0x0000000008008044                svc_handler
                0x0000000008008044                default_handler
                0x0000000008008044                dg_monitor_handler
                0x0000000008008044                pendsv_handler
 .text.nmi_handler
                0x0000000008008060       0x1c build_ak-base-kit-stm32l151-application/system.o
                0x0000000008008060                nmi_handler
 .text.hard_fault_handler
                0x000000000800807c       0x1c build_ak-base-kit-stm32l151-application/system.o
                0x000000000800807c                hard_fault_handler
 .text.mem_manage_handler
                0x0000000008008098       0x1c build_ak-base-kit-stm32l151-application/system.o
                0x0000000008008098                mem_manage_handler
 .text.bus_fault_handler
                0x00000000080080b4       0x1c build_ak-base-kit-stm32l151-application/system.o
                0x00000000080080b4                bus_fault_handler
 .text.usage_fault_handler
                0x00000000080080d0       0x1c build_ak-base-kit-stm32l151-application/system.o
                0x00000000080080d0                usage_fault_handler
 .text.systick_handler
                0x00000000080080ec       0x40 build_ak-base-kit-stm32l151-application/system.o
                0x00000000080080ec                systick_handler
 .text.uart1_irq
                0x000000000800812c       0x64 build_ak-base-kit-stm32l151-application/system.o
                0x000000000800812c                uart1_irq
 .text.exti_line1_irq
                0x0000000008008190       0x1c build_ak-base-kit-stm32l151-application/system.o
                0x0000000008008190                exti_line1_irq
 .text.timer7_irq
                0x00000000080081ac       0x24 build_ak-base-kit-stm32l151-application/system.o
                0x00000000080081ac                timer7_irq
 .text.sys_ctrl_delay
                0x00000000080081d0        0xc build_ak-base-kit-stm32l151-application/system.o
                0x00000000080081d0                sys_ctrl_delay
 .text.sys_ctrl_millis
                0x00000000080081dc       0x1c build_ak-base-kit-stm32l151-application/system.o
                0x00000000080081dc                sys_ctrl_millis
 .text._init    0x00000000080081f8        0x2 build_ak-base-kit-stm32l151-application/system.o
                0x00000000080081f8                _init
 .text._fini    0x00000000080081fa        0x2 build_ak-base-kit-stm32l151-application/system.o
                0x00000000080081fa                _fini
 .text.sys_stack_count_init
                0x00000000080081fc       0x3c build_ak-base-kit-stm32l151-application/system.o
                0x00000000080081fc                sys_stack_count_init
 .text.reset_handler
                0x0000000008008238       0xc8 build_ak-base-kit-stm32l151-application/system.o
                0x0000000008008238                reset_handler
 .text.sys_stack_usage
                0x0000000008008300       0x20 build_ak-base-kit-stm32l151-application/system.o
                0x0000000008008300                sys_stack_usage
 .text.sys_stack_get_size
                0x0000000008008320        0xc build_ak-base-kit-stm32l151-application/system.o
                0x0000000008008320                sys_stack_get_size
 .text.sys_ctrl_shell_put_char_block
                0x000000000800832c       0x2c build_ak-base-kit-stm32l151-application/sys_cfg.o
                0x000000000800832c                sys_ctrl_shell_put_char_block
 .text.sys_cfg_clock
                0x0000000008008358       0x22 build_ak-base-kit-stm32l151-application/sys_cfg.o
                0x0000000008008358                sys_cfg_clock
 *fill*         0x000000000800837a        0x2 
 .text.sys_cfg_tick
                0x000000000800837c       0x50 build_ak-base-kit-stm32l151-application/sys_cfg.o
                0x000000000800837c                sys_cfg_tick
 .text.sys_cfg_svc
                0x00000000080083cc       0x30 build_ak-base-kit-stm32l151-application/sys_cfg.o
                0x00000000080083cc                sys_cfg_svc
 .text.sys_cfg_pendsv
                0x00000000080083fc       0x34 build_ak-base-kit-stm32l151-application/sys_cfg.o
                0x00000000080083fc                sys_cfg_pendsv
 .text.sys_cfg_update_info
                0x0000000008008430      0x108 build_ak-base-kit-stm32l151-application/sys_cfg.o
                0x0000000008008430                sys_cfg_update_info
 .text.sys_ctrl_shell_sw_to_block
                0x0000000008008538       0x38 build_ak-base-kit-stm32l151-application/sys_cfg.o
                0x0000000008008538                sys_ctrl_shell_sw_to_block
 .text.sys_cfg_console
                0x0000000008008570       0xd8 build_ak-base-kit-stm32l151-application/sys_cfg.o
                0x0000000008008570                sys_cfg_console
 .text.sys_ctrl_shell_get_char
                0x0000000008008648       0x34 build_ak-base-kit-stm32l151-application/sys_cfg.o
                0x0000000008008648                sys_ctrl_shell_get_char
 .text.sys_ctrl_reset
                0x000000000800867c       0x20 build_ak-base-kit-stm32l151-application/sys_cfg.o
                0x000000000800867c                sys_ctrl_reset
 .text.sys_ctrl_delay_us
                0x000000000800869c       0x58 build_ak-base-kit-stm32l151-application/sys_cfg.o
                0x000000000800869c                sys_ctrl_delay_us
 .text.sys_ctrl_delay_ms
                0x00000000080086f4       0x1e build_ak-base-kit-stm32l151-application/sys_cfg.o
                0x00000000080086f4                sys_ctrl_delay_ms
 *fill*         0x0000000008008712        0x2 
 .text.sys_ctr_stop_mcu
                0x0000000008008714       0xa8 build_ak-base-kit-stm32l151-application/sys_cfg.o
                0x0000000008008714                sys_ctr_stop_mcu
 .text.sys_ctrl_independent_watchdog_init
                0x00000000080087bc       0x24 build_ak-base-kit-stm32l151-application/sys_cfg.o
                0x00000000080087bc                sys_ctrl_independent_watchdog_init
 .text.sys_ctrl_independent_watchdog_reset
                0x00000000080087e0       0x12 build_ak-base-kit-stm32l151-application/sys_cfg.o
                0x00000000080087e0                sys_ctrl_independent_watchdog_reset
 *fill*         0x00000000080087f2        0x2 
 .text.sys_ctrl_soft_watchdog_init
                0x00000000080087f4       0x68 build_ak-base-kit-stm32l151-application/sys_cfg.o
                0x00000000080087f4                sys_ctrl_soft_watchdog_init
 .text.sys_ctrl_soft_watchdog_reset
                0x000000000800885c       0x18 build_ak-base-kit-stm32l151-application/sys_cfg.o
                0x000000000800885c                sys_ctrl_soft_watchdog_reset
 .text.sys_ctrl_soft_watchdog_increase_counter
                0x0000000008008874       0x40 build_ak-base-kit-stm32l151-application/sys_cfg.o
                0x0000000008008874                sys_ctrl_soft_watchdog_increase_counter
 .text.sys_ctrl_get_firmware_info
                0x00000000080088b4       0x40 build_ak-base-kit-stm32l151-application/sys_cfg.o
                0x00000000080088b4                sys_ctrl_get_firmware_info
 .text.task_irq_io_entry_trigger
                0x00000000080088f4        0x2 build_ak-base-kit-stm32l151-application/sys_cfg.o
                0x00000000080088f4                task_irq_io_entry_trigger
 .text.task_irq_io_exit_trigger
                0x00000000080088f6        0x2 build_ak-base-kit-stm32l151-application/sys_cfg.o
                0x00000000080088f6                task_irq_io_exit_trigger
 .text.io_button_mode_init
                0x00000000080088f8       0x28 build_ak-base-kit-stm32l151-application/io_cfg.o
                0x00000000080088f8                io_button_mode_init
 .text.io_button_up_init
                0x0000000008008920       0x28 build_ak-base-kit-stm32l151-application/io_cfg.o
                0x0000000008008920                io_button_up_init
 .text.io_button_down_init
                0x0000000008008948       0x28 build_ak-base-kit-stm32l151-application/io_cfg.o
                0x0000000008008948                io_button_down_init
 .text.io_button_mode_read
                0x0000000008008970        0xc build_ak-base-kit-stm32l151-application/io_cfg.o
                0x0000000008008970                io_button_mode_read
 .text.io_button_up_read
                0x000000000800897c       0x10 build_ak-base-kit-stm32l151-application/io_cfg.o
                0x000000000800897c                io_button_up_read
 .text.io_button_down_read
                0x000000000800898c        0xc build_ak-base-kit-stm32l151-application/io_cfg.o
                0x000000000800898c                io_button_down_read
 .text.led_life_init
                0x0000000008008998       0x28 build_ak-base-kit-stm32l151-application/io_cfg.o
                0x0000000008008998                led_life_init
 .text.led_life_on
                0x00000000080089c0       0x10 build_ak-base-kit-stm32l151-application/io_cfg.o
                0x00000000080089c0                led_life_on
 .text.led_life_off
                0x00000000080089d0       0x10 build_ak-base-kit-stm32l151-application/io_cfg.o
                0x00000000080089d0                led_life_off
 .text.flash_io_ctrl_init
                0x00000000080089e0       0x28 build_ak-base-kit-stm32l151-application/io_cfg.o
                0x00000000080089e0                flash_io_ctrl_init
 .text.flash_cs_low
                0x0000000008008a08       0x10 build_ak-base-kit-stm32l151-application/io_cfg.o
                0x0000000008008a08                flash_cs_low
 .text.flash_cs_high
                0x0000000008008a18       0x10 build_ak-base-kit-stm32l151-application/io_cfg.o
                0x0000000008008a18                flash_cs_high
 .text.flash_transfer
                0x0000000008008a28       0x98 build_ak-base-kit-stm32l151-application/io_cfg.o
                0x0000000008008a28                flash_transfer
 .text.io_cfg_adc1
                0x0000000008008ac0       0x48 build_ak-base-kit-stm32l151-application/io_cfg.o
                0x0000000008008ac0                io_cfg_adc1
 .text.adc_bat_io_cfg
                0x0000000008008b08       0x2c build_ak-base-kit-stm32l151-application/io_cfg.o
                0x0000000008008b08                adc_bat_io_cfg
 *fill*         0x0000000008008b34        0x4 
 .text.sys_ctr_get_vbat_voltage
                0x0000000008008b38       0x90 build_ak-base-kit-stm32l151-application/io_cfg.o
                0x0000000008008b38                sys_ctr_get_vbat_voltage
 .text.sys_ctr_get_mcu_temperature
                0x0000000008008bc8       0x6c build_ak-base-kit-stm32l151-application/io_cfg.o
                0x0000000008008bc8                sys_ctr_get_mcu_temperature
 .text.ssd1306_clk_input_mode
                0x0000000008008c34       0x28 build_ak-base-kit-stm32l151-application/io_cfg.o
                0x0000000008008c34                ssd1306_clk_input_mode
 .text.ssd1306_clk_output_mode
                0x0000000008008c5c       0x28 build_ak-base-kit-stm32l151-application/io_cfg.o
                0x0000000008008c5c                ssd1306_clk_output_mode
 .text.ssd1306_clk_digital_write_low
                0x0000000008008c84       0x10 build_ak-base-kit-stm32l151-application/io_cfg.o
                0x0000000008008c84                ssd1306_clk_digital_write_low
 .text.ssd1306_clk_digital_write_high
                0x0000000008008c94       0x10 build_ak-base-kit-stm32l151-application/io_cfg.o
                0x0000000008008c94                ssd1306_clk_digital_write_high
 .text.ssd1306_data_input_mode
                0x0000000008008ca4       0x28 build_ak-base-kit-stm32l151-application/io_cfg.o
                0x0000000008008ca4                ssd1306_data_input_mode
 .text.ssd1306_data_output_mode
                0x0000000008008ccc       0x28 build_ak-base-kit-stm32l151-application/io_cfg.o
                0x0000000008008ccc                ssd1306_data_output_mode
 .text.ssd1306_data_digital_write_low
                0x0000000008008cf4       0x10 build_ak-base-kit-stm32l151-application/io_cfg.o
                0x0000000008008cf4                ssd1306_data_digital_write_low
 .text.ssd1306_data_digital_write_high
                0x0000000008008d04       0x10 build_ak-base-kit-stm32l151-application/io_cfg.o
                0x0000000008008d04                ssd1306_data_digital_write_high
 .text.ssd1306_res_input_mode
                0x0000000008008d14       0x28 build_ak-base-kit-stm32l151-application/io_cfg.o
                0x0000000008008d14                ssd1306_res_input_mode
 .text.ssd1306_res_output_mode
                0x0000000008008d3c       0x28 build_ak-base-kit-stm32l151-application/io_cfg.o
                0x0000000008008d3c                ssd1306_res_output_mode
 .text.ssd1306_res_digital_write_low
                0x0000000008008d64       0x10 build_ak-base-kit-stm32l151-application/io_cfg.o
                0x0000000008008d64                ssd1306_res_digital_write_low
 .text.ssd1306_res_digital_write_high
                0x0000000008008d74       0x10 build_ak-base-kit-stm32l151-application/io_cfg.o
                0x0000000008008d74                ssd1306_res_digital_write_high
 .text.io_eeprom_read
                0x0000000008008d84       0x34 build_ak-base-kit-stm32l151-application/io_cfg.o
                0x0000000008008d84                io_eeprom_read
 .text.io_eeprom_erase
                0x0000000008008db8       0x4c build_ak-base-kit-stm32l151-application/io_cfg.o
                0x0000000008008db8                io_eeprom_erase
 .text.internal_flash_unlock
                0x0000000008008e04       0x12 build_ak-base-kit-stm32l151-application/io_cfg.o
                0x0000000008008e04                internal_flash_unlock
 .text.internal_flash_lock
                0x0000000008008e16        0x4 build_ak-base-kit-stm32l151-application/io_cfg.o
                0x0000000008008e16                internal_flash_lock
 .text.internal_flash_erase_pages_cal
                0x0000000008008e1a       0x24 build_ak-base-kit-stm32l151-application/io_cfg.o
                0x0000000008008e1a                internal_flash_erase_pages_cal
 .text.internal_flash_write_cal
                0x0000000008008e3e       0x48 build_ak-base-kit-stm32l151-application/io_cfg.o
                0x0000000008008e3e                internal_flash_write_cal
 *fill*         0x0000000008008e86        0x2 
 .text.io_uart2_cfg
                0x0000000008008e88       0xbc build_ak-base-kit-stm32l151-application/io_cfg.o
                0x0000000008008e88                io_uart2_cfg
 .text.io_uart_rs485_cfg
                0x0000000008008f44       0x78 build_ak-base-kit-stm32l151-application/io_cfg.o
                0x0000000008008f44                io_uart_rs485_cfg
 .text.io_rs485_dir_mode_output
                0x0000000008008fbc       0x30 build_ak-base-kit-stm32l151-application/io_cfg.o
                0x0000000008008fbc                io_rs485_dir_mode_output
 .text.io_rs485_dir_low
                0x0000000008008fec        0xc build_ak-base-kit-stm32l151-application/io_cfg.o
                0x0000000008008fec                io_rs485_dir_low
 .text.io_rs485_dir_high
                0x0000000008008ff8        0xc build_ak-base-kit-stm32l151-application/io_cfg.o
                0x0000000008008ff8                io_rs485_dir_high
 .text.SystemInit
                0x0000000008009004      0x114 build_ak-base-kit-stm32l151-application/system_stm32l1xx.o
                0x0000000008009004                SystemInit
 .text.SystemCoreClockUpdate
                0x0000000008009118       0x88 build_ak-base-kit-stm32l151-application/system_stm32l1xx.o
                0x0000000008009118                SystemCoreClockUpdate
 .text._Z27scr_es35sw_th_sensor_handleP8ak_msg_t
                0x00000000080091a0       0xcc build_ak-base-kit-stm32l151-application/scr_es35sw_th_sensor.o
                0x00000000080091a0                scr_es35sw_th_sensor_handle(ak_msg_t*)
 .text._ZL25view_scr_es35sw_th_sensorv
                0x000000000800926c      0x16c build_ak-base-kit-stm32l151-application/scr_es35sw_th_sensor.o
 .text._ZL13view_scr_idlev
                0x00000000080093d8       0x34 build_ak-base-kit-stm32l151-application/scr_idle.o
 .text._ZN4ballC2Ev
                0x000000000800940c       0x5e build_ak-base-kit-stm32l151-application/scr_idle.o
                0x000000000800940c                ball::ball()
                0x000000000800940c                ball::ball()
 *fill*         0x000000000800946a        0x2 
 .text._ZNSt6vectorI4ballSaIS0_EE17_M_realloc_insertIJRKS0_EEEvN9__gnu_cxx17__normal_iteratorIPS0_S2_EEDpOT_
                0x000000000800946c      0x110 build_ak-base-kit-stm32l151-application/scr_idle.o
                0x000000000800946c                void std::vector<ball, std::allocator<ball> >::_M_realloc_insert<ball const&>(__gnu_cxx::__normal_iterator<ball*, std::vector<ball, std::allocator<ball> > >, ball const&)
 .text._ZNSt6vectorI4ballSaIS0_EE9push_backERKS0_
                0x000000000800957c       0x2c build_ak-base-kit-stm32l151-application/scr_idle.o
                0x000000000800957c                std::vector<ball, std::allocator<ball> >::push_back(ball const&)
 .text._Z15scr_idle_handleP8ak_msg_t
                0x00000000080095a8      0x1a0 build_ak-base-kit-stm32l151-application/scr_idle.o
                0x00000000080095a8                scr_idle_handle(ak_msg_t*)
 .text.startup._GLOBAL__sub_I_dyn_view_idle
                0x0000000008009748       0x10 build_ak-base-kit-stm32l151-application/scr_idle.o
 .text.exit._GLOBAL__sub_D_dyn_view_idle
                0x0000000008009758       0x10 build_ak-base-kit-stm32l151-application/scr_idle.o
 .text._Z28scr_lhio404_io_device_handleP8ak_msg_t
                0x0000000008009768       0xcc build_ak-base-kit-stm32l151-application/scr_lhio404_io_device.o
                0x0000000008009768                scr_lhio404_io_device_handle(ak_msg_t*)
 .text._ZL26view_scr_lhio404_io_devicev
                0x0000000008009834      0x140 build_ak-base-kit-stm32l151-application/scr_lhio404_io_device.o
 .text._ZL16view_scr_startupv
                0x0000000008009974       0x5c build_ak-base-kit-stm32l151-application/scr_startup.o
 .text._Z18scr_startup_handleP8ak_msg_t
                0x00000000080099d0       0x8c build_ak-base-kit-stm32l151-application/scr_startup.o
                0x00000000080099d0                scr_startup_handle(ak_msg_t*)
 .text._Z20scr_menu_game_handleP8ak_msg_t
                0x0000000008009a5c       0xd4 build_ak-base-kit-stm32l151-application/scr_fd_menu_game.o
                0x0000000008009a5c                scr_menu_game_handle(ak_msg_t*)
 .text._ZL18view_scr_menu_gamev
                0x0000000008009b30      0x218 build_ak-base-kit-stm32l151-application/scr_fd_menu_game.o
 .text._Z23fd_game_time_tick_setupv
                0x0000000008009d48        0xc build_ak-base-kit-stm32l151-application/scr_fd_game_play.o
                0x0000000008009d48                fd_game_time_tick_setup()
 .text._Z18scr_fd_game_handleP8ak_msg_t
                0x0000000008009d54       0x98 build_ak-base-kit-stm32l151-application/scr_fd_game_play.o
                0x0000000008009d54                scr_fd_game_handle(ak_msg_t*)
 .text._ZL21view_scr_fd_game_playv
                0x0000000008009dec      0x1cc build_ak-base-kit-stm32l151-application/scr_fd_game_play.o
 .text._Z17fd_game_gun_setupv
                0x0000000008009fb8       0x10 build_ak-base-kit-stm32l151-application/fd_game_gun.o
                0x0000000008009fb8                fd_game_gun_setup()
 .text._Z16fd_game_gun_leftv
                0x0000000008009fc8       0x18 build_ak-base-kit-stm32l151-application/fd_game_gun.o
                0x0000000008009fc8                fd_game_gun_left()
 .text._Z17fd_game_gun_rightv
                0x0000000008009fe0       0x18 build_ak-base-kit-stm32l151-application/fd_game_gun.o
                0x0000000008009fe0                fd_game_gun_right()
 .text._Z18fd_game_gun_updatev
                0x0000000008009ff8       0x14 build_ak-base-kit-stm32l151-application/fd_game_gun.o
                0x0000000008009ff8                fd_game_gun_update()
 .text._Z18fd_game_gun_handleP8ak_msg_t
                0x000000000800a00c       0x44 build_ak-base-kit-stm32l151-application/fd_game_gun.o
                0x000000000800a00c                fd_game_gun_handle(ak_msg_t*)
 .text._Z20fd_game_bullet_setupv
                0x000000000800a050       0x24 build_ak-base-kit-stm32l151-application/fd_game_bullet.o
                0x000000000800a050                fd_game_bullet_setup()
 .text._Z21fd_game_bullet_updatev
                0x000000000800a074       0x40 build_ak-base-kit-stm32l151-application/fd_game_bullet.o
                0x000000000800a074                fd_game_bullet_update()
 .text._Z20fd_game_bullet_shootv
                0x000000000800a0b4       0x58 build_ak-base-kit-stm32l151-application/fd_game_bullet.o
                0x000000000800a0b4                fd_game_bullet_shoot()
 .text._Z15check_collisionv
                0x000000000800a10c       0xb8 build_ak-base-kit-stm32l151-application/fd_game_bullet.o
                0x000000000800a10c                check_collision()
 .text._Z20fd_game_bullet_resetv
                0x000000000800a1c4       0x20 build_ak-base-kit-stm32l151-application/fd_game_bullet.o
                0x000000000800a1c4                fd_game_bullet_reset()
 .text._Z21fd_game_bullet_handleP8ak_msg_t
                0x000000000800a1e4       0x60 build_ak-base-kit-stm32l151-application/fd_game_bullet.o
                0x000000000800a1e4                fd_game_bullet_handle(ak_msg_t*)
 .text._Z14fd_game_randommm
                0x000000000800a244       0x14 build_ak-base-kit-stm32l151-application/fd_game_fish.o
                0x000000000800a244                fd_game_random(unsigned long, unsigned long)
 .text._Z18fd_game_fish_setupv
                0x000000000800a258       0x40 build_ak-base-kit-stm32l151-application/fd_game_fish.o
                0x000000000800a258                fd_game_fish_setup()
 .text._Z19fd_game_fish_updatev
                0x000000000800a298       0x40 build_ak-base-kit-stm32l151-application/fd_game_fish.o
                0x000000000800a298                fd_game_fish_update()
 .text._Z19fd_game_fish_motionv
                0x000000000800a2d8       0x24 build_ak-base-kit-stm32l151-application/fd_game_fish.o
                0x000000000800a2d8                fd_game_fish_motion()
 .text._Z18fd_game_fish_resetv
                0x000000000800a2fc       0x20 build_ak-base-kit-stm32l151-application/fd_game_fish.o
                0x000000000800a2fc                fd_game_fish_reset()
 .text._Z19fd_game_fish_handleP8ak_msg_t
                0x000000000800a31c       0x5c build_ak-base-kit-stm32l151-application/fd_game_fish.o
                0x000000000800a31c                fd_game_fish_handle(ak_msg_t*)
 .text._Z11task_systemP8ak_msg_t
                0x000000000800a378       0x44 build_ak-base-kit-stm32l151-application/task_system.o
                0x000000000800a378                task_system(ak_msg_t*)
 .text.main_app
                0x000000000800a3bc      0x294 build_ak-base-kit-stm32l151-application/app.o
                0x000000000800a3bc                main_app
 .text._Z19task_polling_zigbeev
                0x000000000800a650        0x2 build_ak-base-kit-stm32l151-application/app.o
                0x000000000800a650                task_polling_zigbee()
 *fill*         0x000000000800a652        0x2 
 .text._Z20task_polling_consolev
                0x000000000800a654       0xd8 build_ak-base-kit-stm32l151-application/app.o
                0x000000000800a654                task_polling_console()
 .text.sys_irq_timer_10ms
                0x000000000800a72c       0x24 build_ak-base-kit-stm32l151-application/app.o
                0x000000000800a72c                sys_irq_timer_10ms
 .text._Z17btn_mode_callbackPv
                0x000000000800a750       0x58 build_ak-base-kit-stm32l151-application/app_bsp.o
                0x000000000800a750                btn_mode_callback(void*)
 .text._Z15btn_up_callbackPv
                0x000000000800a7a8       0x58 build_ak-base-kit-stm32l151-application/app_bsp.o
                0x000000000800a7a8                btn_up_callback(void*)
 .text._Z17btn_down_callbackPv
                0x000000000800a800       0x58 build_ak-base-kit-stm32l151-application/app_bsp.o
                0x000000000800a800                btn_down_callback(void*)
 .text._Z22updateDataModbusDeviceP21ModbusDeviceStructure
                0x000000000800a858       0xc4 build_ak-base-kit-stm32l151-application/app_modbus_pull.o
                0x000000000800a858                updateDataModbusDevice(ModbusDeviceStructure*)
 .text._ZL19str_parser_get_attrh
                0x000000000800a91c       0x1c build_ak-base-kit-stm32l151-application/shell.o
 .text._Z9shell_sttPh
                0x000000000800a938        0x4 build_ak-base-kit-stm32l151-application/shell.o
                0x000000000800a938                shell_stt(unsigned char*)
 .text._Z9shell_psvPh
                0x000000000800a93c       0x14 build_ak-base-kit-stm32l151-application/shell.o
                0x000000000800a93c                shell_psv(unsigned char*)
 .text._Z11shell_resetPh
                0x000000000800a950       0x10 build_ak-base-kit-stm32l151-application/shell.o
                0x000000000800a950                shell_reset(unsigned char*)
 .text._Z10shell_helpPh
                0x000000000800a960       0x30 build_ak-base-kit-stm32l151-application/shell.o
                0x000000000800a960                shell_help(unsigned char*)
 .text._Z9shell_verPh
                0x000000000800a990      0x118 build_ak-base-kit-stm32l151-application/shell.o
                0x000000000800a990                shell_ver(unsigned char*)
 .text._Z12shell_rebootPh
                0x000000000800aaa8       0x10 build_ak-base-kit-stm32l151-application/shell.o
                0x000000000800aaa8                shell_reboot(unsigned char*)
 .text._ZL10str_parserPc
                0x000000000800aab8       0x60 build_ak-base-kit-stm32l151-application/shell.o
 .text._Z11shell_fatalPh
                0x000000000800ab18      0x2f4 build_ak-base-kit-stm32l151-application/shell.o
                0x000000000800ab18                shell_fatal(unsigned char*)
 .text._Z11shell_flashPh
                0x000000000800ae0c      0x150 build_ak-base-kit-stm32l151-application/shell.o
                0x000000000800ae0c                shell_flash(unsigned char*)
 .text._Z9shell_epsPh
                0x000000000800af5c       0xd0 build_ak-base-kit-stm32l151-application/shell.o
                0x000000000800af5c                shell_eps(unsigned char*)
 .text._Z9shell_ramPh
                0x000000000800b02c      0x20c build_ak-base-kit-stm32l151-application/shell.o
                0x000000000800b02c                shell_ram(unsigned char*)
 .text._Z10shell_bootPh
                0x000000000800b238       0xdc build_ak-base-kit-stm32l151-application/shell.o
                0x000000000800b238                shell_boot(unsigned char*)
 .text._Z9shell_fwuPh
                0x000000000800b314       0x34 build_ak-base-kit-stm32l151-application/shell.o
                0x000000000800b314                shell_fwu(unsigned char*)
 .text._Z12shell_buzzerPh
                0x000000000800b348       0x88 build_ak-base-kit-stm32l151-application/shell.o
                0x000000000800b348                shell_buzzer(unsigned char*)
 .text._Z9shell_dbgPh
                0x000000000800b3d0       0x38 build_ak-base-kit-stm32l151-application/shell.o
                0x000000000800b3d0                shell_dbg(unsigned char*)
 .text._Z12shell_modbusPh
                0x000000000800b408       0xe0 build_ak-base-kit-stm32l151-application/shell.o
                0x000000000800b408                shell_modbus(unsigned char*)
 .text._Z9shell_epiPh
                0x000000000800b4e8        0x4 build_ak-base-kit-stm32l151-application/shell.o
                0x000000000800b4e8                shell_epi(unsigned char*)
 .text._Z9shell_lcdPh
                0x000000000800b4ec      0x15c build_ak-base-kit-stm32l151-application/shell.o
                0x000000000800b4ec                shell_lcd(unsigned char*)
 .text.sys_irq_shell
                0x000000000800b648       0x2c build_ak-base-kit-stm32l151-application/task_shell.o
                0x000000000800b648                sys_irq_shell
 .text._Z10task_shellP8ak_msg_t
                0x000000000800b674       0x7c build_ak-base-kit-stm32l151-application/task_shell.o
                0x000000000800b674                task_shell(ak_msg_t*)
 .text._Z9task_lifeP8ak_msg_t
                0x000000000800b6f0       0x20 build_ak-base-kit-stm32l151-application/task_life.o
                0x000000000800b6f0                task_life(ak_msg_t*)
 .text._Z7task_fwP8ak_msg_t
                0x000000000800b710      0x490 build_ak-base-kit-stm32l151-application/task_fw.o
                0x000000000800b710                task_fw(ak_msg_t*)
 .text._Z12task_displayP8ak_msg_t
                0x000000000800bba0        0x4 build_ak-base-kit-stm32l151-application/task_display.o
                0x000000000800bba0                task_display(ak_msg_t*)
 .text._Z7task_ifP8ak_msg_t
                0x000000000800bba4       0xe4 build_ak-base-kit-stm32l151-application/task_if.o
                0x000000000800bba4                task_if(ak_msg_t*)
 .text._Z12task_rf24_ifP8ak_msg_t
                0x000000000800bc88        0x2 build_ak-base-kit-stm32l151-application/task_rf24_if.o
                0x000000000800bc88                task_rf24_if(ak_msg_t*)
 *fill*         0x000000000800bc8a        0x2 
 .text._Z12task_uart_ifP8ak_msg_t
                0x000000000800bc8c       0xc0 build_ak-base-kit-stm32l151-application/task_uart_if.o
                0x000000000800bc8c                task_uart_if(ak_msg_t*)
 .text._Z8task_dbgP8ak_msg_t
                0x000000000800bd4c        0x2 build_ak-base-kit-stm32l151-application/task_dbg.o
                0x000000000800bd4c                task_dbg(ak_msg_t*)
 .text._ZL19view_render_dynamicPv
                0x000000000800bd4e        0xa build_ak-base-kit-stm32l151-application/view_render.o
 .text._Z22view_render_display_onv
                0x000000000800bd58        0xc build_ak-base-kit-stm32l151-application/view_render.o
                0x000000000800bd58                view_render_display_on()
 .text.startup._GLOBAL__sub_I_view_render
                0x000000000800bd64        0xc build_ak-base-kit-stm32l151-application/view_render.o
 .text.exit._GLOBAL__sub_D_view_render
                0x000000000800bd70        0xc build_ak-base-kit-stm32l151-application/view_render.o
 .text._Z18view_render_screenP13view_screen_t
                0x000000000800bd7c       0x68 build_ak-base-kit-stm32l151-application/view_render.o
                0x000000000800bd7c                view_render_screen(view_screen_t*)
 .text._ZL21view_render_rectanglePv
                0x000000000800bde4       0xe8 build_ak-base-kit-stm32l151-application/view_render.o
 .text._Z12scr_mng_ctorP9scr_mng_tPFvP8ak_msg_tEP13view_screen_t
                0x000000000800becc       0x20 build_ak-base-kit-stm32l151-application/screen_manager.o
                0x000000000800becc                scr_mng_ctor(scr_mng_t*, void (*)(ak_msg_t*), view_screen_t*)
 .text._Z16scr_mng_dispatchP8ak_msg_t
                0x000000000800beec       0x48 build_ak-base-kit-stm32l151-application/screen_manager.o
                0x000000000800beec                scr_mng_dispatch(ak_msg_t*)
 .text._Z12scr_mng_tranPFvP8ak_msg_tEP13view_screen_t
                0x000000000800bf34       0x44 build_ak-base-kit-stm32l151-application/screen_manager.o
                0x000000000800bf34                scr_mng_tran(void (*)(ak_msg_t*), view_screen_t*)
 .text._ZN12Adafruit_GFX8drawLineEsssst
                0x000000000800bf78       0xbe build_ak-base-kit-stm32l151-application/Adafruit_GFX.o
                0x000000000800bf78                Adafruit_GFX::drawLine(short, short, short, short, unsigned short)
 .text._ZN12Adafruit_GFX8drawRectEsssst
                0x000000000800c036       0x68 build_ak-base-kit-stm32l151-application/Adafruit_GFX.o
                0x000000000800c036                Adafruit_GFX::drawRect(short, short, short, short, unsigned short)
 .text._ZN12Adafruit_GFX13drawFastVLineEssst
                0x000000000800c09e       0x1c build_ak-base-kit-stm32l151-application/Adafruit_GFX.o
                0x000000000800c09e                Adafruit_GFX::drawFastVLine(short, short, short, unsigned short)
 .text._ZN12Adafruit_GFX13drawFastHLineEssst
                0x000000000800c0ba       0x1a build_ak-base-kit-stm32l151-application/Adafruit_GFX.o
                0x000000000800c0ba                Adafruit_GFX::drawFastHLine(short, short, short, unsigned short)
 .text._ZN12Adafruit_GFX8fillRectEsssst
                0x000000000800c0d4       0x38 build_ak-base-kit-stm32l151-application/Adafruit_GFX.o
                0x000000000800c0d4                Adafruit_GFX::fillRect(short, short, short, short, unsigned short)
 .text._ZN12Adafruit_GFX10fillScreenEt
                0x000000000800c10c       0x1c build_ak-base-kit-stm32l151-application/Adafruit_GFX.o
                0x000000000800c10c                Adafruit_GFX::fillScreen(unsigned short)
 .text._ZN12Adafruit_GFXC2Ess
                0x000000000800c128       0x28 build_ak-base-kit-stm32l151-application/Adafruit_GFX.o
                0x000000000800c128                Adafruit_GFX::Adafruit_GFX(short, short)
                0x000000000800c128                Adafruit_GFX::Adafruit_GFX(short, short)
 .text._ZN12Adafruit_GFX10drawCircleEssst
                0x000000000800c150      0x172 build_ak-base-kit-stm32l151-application/Adafruit_GFX.o
                0x000000000800c150                Adafruit_GFX::drawCircle(short, short, short, unsigned short)
 .text._ZN12Adafruit_GFX16drawCircleHelperEsssht
                0x000000000800c2c2      0x17a build_ak-base-kit-stm32l151-application/Adafruit_GFX.o
                0x000000000800c2c2                Adafruit_GFX::drawCircleHelper(short, short, short, unsigned char, unsigned short)
 .text._ZN12Adafruit_GFX16fillCircleHelperEssshst
                0x000000000800c43c      0x124 build_ak-base-kit-stm32l151-application/Adafruit_GFX.o
                0x000000000800c43c                Adafruit_GFX::fillCircleHelper(short, short, short, unsigned char, short, unsigned short)
 .text._ZN12Adafruit_GFX13drawRoundRectEssssst
                0x000000000800c560      0x10e build_ak-base-kit-stm32l151-application/Adafruit_GFX.o
                0x000000000800c560                Adafruit_GFX::drawRoundRect(short, short, short, short, short, unsigned short)
 .text._ZN12Adafruit_GFX13fillRoundRectEssssst
                0x000000000800c66e       0x88 build_ak-base-kit-stm32l151-application/Adafruit_GFX.o
                0x000000000800c66e                Adafruit_GFX::fillRoundRect(short, short, short, short, short, unsigned short)
 .text._ZN12Adafruit_GFX10drawBitmapEssPKhsst
                0x000000000800c6f6       0x92 build_ak-base-kit-stm32l151-application/Adafruit_GFX.o
                0x000000000800c6f6                Adafruit_GFX::drawBitmap(short, short, unsigned char const*, short, short, unsigned short)
 .text._ZN12Adafruit_GFX8drawCharEsshtth
                0x000000000800c788      0x108 build_ak-base-kit-stm32l151-application/Adafruit_GFX.o
                0x000000000800c788                Adafruit_GFX::drawChar(short, short, unsigned char, unsigned short, unsigned short, unsigned char)
 .text._ZN12Adafruit_GFX5writeEh
                0x000000000800c890       0x64 build_ak-base-kit-stm32l151-application/Adafruit_GFX.o
                0x000000000800c890                Adafruit_GFX::write(unsigned char)
 .text._ZN12Adafruit_GFX9setCursorEss
                0x000000000800c8f4        0x6 build_ak-base-kit-stm32l151-application/Adafruit_GFX.o
                0x000000000800c8f4                Adafruit_GFX::setCursor(short, short)
 .text._ZN12Adafruit_GFX11setTextSizeEh
                0x000000000800c8fa        0xa build_ak-base-kit-stm32l151-application/Adafruit_GFX.o
                0x000000000800c8fa                Adafruit_GFX::setTextSize(unsigned char)
 .text._ZN12Adafruit_GFX12setTextColorEt
                0x000000000800c904        0x6 build_ak-base-kit-stm32l151-application/Adafruit_GFX.o
                0x000000000800c904                Adafruit_GFX::setTextColor(unsigned short)
 .text._ZN12Adafruit_GFX5widthEv
                0x000000000800c90a        0x6 build_ak-base-kit-stm32l151-application/Adafruit_GFX.o
                0x000000000800c90a                Adafruit_GFX::width()
 .text._ZN12Adafruit_GFX6heightEv
                0x000000000800c910        0x6 build_ak-base-kit-stm32l151-application/Adafruit_GFX.o
                0x000000000800c910                Adafruit_GFX::height()
 .text._ZN19Adafruit_ssd1306syp9updateRowEii
                0x000000000800c916       0x1e build_ak-base-kit-stm32l151-application/Adafruit_ssd1306syp.o
                0x000000000800c916                Adafruit_ssd1306syp::updateRow(int, int)
 .text._ZN19Adafruit_ssd1306syp9drawPixelEsst
                0x000000000800c934       0x52 build_ak-base-kit-stm32l151-application/Adafruit_ssd1306syp.o
                0x000000000800c934                Adafruit_ssd1306syp::drawPixel(short, short, unsigned short)
 *fill*         0x000000000800c986        0x2 
 .text._ZN19Adafruit_ssd1306sypC2Ev
                0x000000000800c988       0x24 build_ak-base-kit-stm32l151-application/Adafruit_ssd1306syp.o
                0x000000000800c988                Adafruit_ssd1306syp::Adafruit_ssd1306syp()
                0x000000000800c988                Adafruit_ssd1306syp::Adafruit_ssd1306syp()
 .text._ZN19Adafruit_ssd1306sypD2Ev
                0x000000000800c9ac        0x2 build_ak-base-kit-stm32l151-application/Adafruit_ssd1306syp.o
                0x000000000800c9ac                Adafruit_ssd1306syp::~Adafruit_ssd1306syp()
                0x000000000800c9ac                Adafruit_ssd1306syp::~Adafruit_ssd1306syp()
 .text._ZN19Adafruit_ssd1306syp5clearEb
                0x000000000800c9ae       0x22 build_ak-base-kit-stm32l151-application/Adafruit_ssd1306syp.o
                0x000000000800c9ae                Adafruit_ssd1306syp::clear(bool)
 .text._ZN19Adafruit_ssd1306syp9writeByteEh
                0x000000000800c9d0       0x54 build_ak-base-kit-stm32l151-application/Adafruit_ssd1306syp.o
                0x000000000800c9d0                Adafruit_ssd1306syp::writeByte(unsigned char)
 .text._ZN19Adafruit_ssd1306syp8startIICEv
                0x000000000800ca24       0x2c build_ak-base-kit-stm32l151-application/Adafruit_ssd1306syp.o
                0x000000000800ca24                Adafruit_ssd1306syp::startIIC()
 .text._ZN19Adafruit_ssd1306syp7stopIICEv
                0x000000000800ca50       0x2c build_ak-base-kit-stm32l151-application/Adafruit_ssd1306syp.o
                0x000000000800ca50                Adafruit_ssd1306syp::stopIIC()
 .text._ZN19Adafruit_ssd1306syp12writeCommandEh
                0x000000000800ca7c       0x2c build_ak-base-kit-stm32l151-application/Adafruit_ssd1306syp.o
                0x000000000800ca7c                Adafruit_ssd1306syp::writeCommand(unsigned char)
 .text._ZN19Adafruit_ssd1306syp10initializeEv
                0x000000000800caa8       0xf4 build_ak-base-kit-stm32l151-application/Adafruit_ssd1306syp.o
                0x000000000800caa8                Adafruit_ssd1306syp::initialize()
 .text._ZN19Adafruit_ssd1306syp10display_onEv
                0x000000000800cb9c        0x6 build_ak-base-kit-stm32l151-application/Adafruit_ssd1306syp.o
                0x000000000800cb9c                Adafruit_ssd1306syp::display_on()
 .text._ZN19Adafruit_ssd1306syp11display_offEv
                0x000000000800cba2        0x6 build_ak-base-kit-stm32l151-application/Adafruit_ssd1306syp.o
                0x000000000800cba2                Adafruit_ssd1306syp::display_off()
 .text._ZN19Adafruit_ssd1306syp17startDataSequenceEv
                0x000000000800cba8       0x1c build_ak-base-kit-stm32l151-application/Adafruit_ssd1306syp.o
                0x000000000800cba8                Adafruit_ssd1306syp::startDataSequence()
 .text._ZN19Adafruit_ssd1306syp6updateEv
                0x000000000800cbc4       0x70 build_ak-base-kit-stm32l151-application/Adafruit_ssd1306syp.o
                0x000000000800cbc4                Adafruit_ssd1306syp::update()
 .text._ZN19Adafruit_ssd1306syp9updateRowEi
                0x000000000800cc34       0x6c build_ak-base-kit-stm32l151-application/Adafruit_ssd1306syp.o
                0x000000000800cc34                Adafruit_ssd1306syp::updateRow(int)
 .text.eeprom_read
                0x000000000800cca0        0x4 build_ak-base-kit-stm32l151-application/eeprom.o
                0x000000000800cca0                eeprom_read
 .text.eeprom_erase
                0x000000000800cca4        0x4 build_ak-base-kit-stm32l151-application/eeprom.o
                0x000000000800cca4                eeprom_erase
 .text._ZL19link_hal_write_byteh
                0x000000000800cca8        0x2 build_ak-base-kit-stm32l151-application/link_hal.o
 .text._ZL17link_hal_rev_byteh
                0x000000000800ccaa        0x4 build_ak-base-kit-stm32l151-application/link_hal.o
 *fill*         0x000000000800ccae        0x2 
 .text._Z23link_hal_reg_write_bytePFhhE
                0x000000000800ccb0       0x28 build_ak-base-kit-stm32l151-application/link_hal.o
                0x000000000800ccb0                link_hal_reg_write_byte(unsigned char (*)(unsigned char))
 .text._Z21link_hal_reg_rev_bytePFhhE
                0x000000000800ccd8       0x28 build_ak-base-kit-stm32l151-application/link_hal.o
                0x000000000800ccd8                link_hal_reg_rev_byte(unsigned char (*)(unsigned char))
 .text._ZL21fsm_link_state_handleP8ak_msg_t
                0x000000000800cd00      0x2b0 build_ak-base-kit-stm32l151-application/link.o
 .text._ZL19fsm_link_state_initP8ak_msg_t
                0x000000000800cfb0       0x80 build_ak-base-kit-stm32l151-application/link.o
 .text._Z9task_linkP8ak_msg_t
                0x000000000800d030        0xc build_ak-base-kit-stm32l151-application/link.o
                0x000000000800d030                task_link(ak_msg_t*)
 .text._Z23link_init_state_machinev
                0x000000000800d03c       0x2c build_ak-base-kit-stm32l151-application/link.o
                0x000000000800d03c                link_init_state_machine()
 .text._ZL23link_mac_frame_send_reqv
                0x000000000800d068       0x3c build_ak-base-kit-stm32l151-application/link_mac.o
 .text._ZL23link_mac_frame_send_endv
                0x000000000800d0a4       0x34 build_ak-base-kit-stm32l151-application/link_mac.o
 .text._ZL28link_mac_frame_cals_checksumP16link_mac_frame_t.constprop.0
                0x000000000800d0d8       0x38 build_ak-base-kit-stm32l151-application/link_mac.o
 .text._Z25fsm_link_mac_state_handleP8ak_msg_t
                0x000000000800d110      0x2b8 build_ak-base-kit-stm32l151-application/link_mac.o
                0x000000000800d110                fsm_link_mac_state_handle(ak_msg_t*)
 .text._Z13task_link_macP8ak_msg_t
                0x000000000800d3c8        0xc build_ak-base-kit-stm32l151-application/link_mac.o
                0x000000000800d3c8                task_link_mac(ak_msg_t*)
 .text._Z23fsm_link_mac_state_initP8ak_msg_t
                0x000000000800d3d4       0x88 build_ak-base-kit-stm32l151-application/link_mac.o
                0x000000000800d3d4                fsm_link_mac_state_init(ak_msg_t*)
 .text._ZL26link_phy_frame_write_blockPhm
                0x000000000800d45c       0x1c build_ak-base-kit-stm32l151-application/link_phy.o
 .text._ZL20link_phy_frame_writeP16link_phy_frame_t
                0x000000000800d478       0x1c build_ak-base-kit-stm32l151-application/link_phy.o
 .text._ZL28link_phy_frame_cals_checksumP16link_phy_frame_t
                0x000000000800d494       0x38 build_ak-base-kit-stm32l151-application/link_phy.o
 .text._ZL25link_phy_frame_write_byteh
                0x000000000800d4cc        0xc build_ak-base-kit-stm32l151-application/link_phy.o
 .text._ZL26ac_link_phy_frame_rev_byteh
                0x000000000800d4d8      0x100 build_ak-base-kit-stm32l151-application/link_phy.o
 .text._ZL19link_phy_frame_sendv
                0x000000000800d5d8       0x2c build_ak-base-kit-stm32l151-application/link_phy.o
 .text._Z25fsm_link_phy_state_handleP8ak_msg_t
                0x000000000800d604      0x1f0 build_ak-base-kit-stm32l151-application/link_phy.o
                0x000000000800d604                fsm_link_phy_state_handle(ak_msg_t*)
 .text._Z13task_link_phyP8ak_msg_t
                0x000000000800d7f4        0xc build_ak-base-kit-stm32l151-application/link_phy.o
                0x000000000800d7f4                task_link_phy(ak_msg_t*)
 .text._Z23fsm_link_phy_state_initP8ak_msg_t
                0x000000000800d800       0x90 build_ak-base-kit-stm32l151-application/link_phy.o
                0x000000000800d800                fsm_link_phy_state_init(ak_msg_t*)
 .text._Z26link_phy_get_send_frame_tov
                0x000000000800d890       0x10 build_ak-base-kit-stm32l151-application/link_phy.o
                0x000000000800d890                link_phy_get_send_frame_to()
 .text._Z13link_pdu_initv
                0x000000000800d8a0       0x54 build_ak-base-kit-stm32l151-application/link_data.o
                0x000000000800d8a0                link_pdu_init()
 .text._Z15link_pdu_mallocv
                0x000000000800d8f4       0x24 build_ak-base-kit-stm32l151-application/link_data.o
                0x000000000800d8f4                link_pdu_malloc()
 .text._Z12link_pdu_getm
                0x000000000800d918       0x3c build_ak-base-kit-stm32l151-application/link_data.o
                0x000000000800d918                link_pdu_get(unsigned long)
 .text._Z13link_pdu_freem
                0x000000000800d954       0x4c build_ak-base-kit-stm32l151-application/link_data.o
                0x000000000800d954                link_pdu_free(unsigned long)
 .text._Z17link_get_src_addrv
                0x000000000800d9a0       0x18 build_ak-base-kit-stm32l151-application/link_data.o
                0x000000000800d9a0                link_get_src_addr()
 .text._Z17link_get_des_addrv
                0x000000000800d9b8       0x18 build_ak-base-kit-stm32l151-application/link_data.o
                0x000000000800d9b8                link_get_des_addr()
 .text._Z7pinModehh
                0x000000000800d9d0       0x84 build_ak-base-kit-stm32l151-application/wiring_digital.o
                0x000000000800d9d0                pinMode(unsigned char, unsigned char)
 .text._Z12digitalWritehh
                0x000000000800da54       0x78 build_ak-base-kit-stm32l151-application/wiring_digital.o
                0x000000000800da54                digitalWrite(unsigned char, unsigned char)
 .text._ZN5Print5writeEPKhj
                0x000000000800dacc       0x22 build_ak-base-kit-stm32l151-application/Print.o
                0x000000000800dacc                Print::write(unsigned char const*, unsigned int)
 .text._ZN5Print5writeEPKc
                0x000000000800daee       0x20 build_ak-base-kit-stm32l151-application/Print.o
                0x000000000800daee                Print::write(char const*)
 .text._ZN5Print5printEPKc
                0x000000000800db0e        0x8 build_ak-base-kit-stm32l151-application/Print.o
                0x000000000800db0e                Print::print(char const*)
 .text._ZN5Print11printNumberEmh
                0x000000000800db16       0x3a build_ak-base-kit-stm32l151-application/Print.o
                0x000000000800db16                Print::printNumber(unsigned long, unsigned char)
 .text._ZN5Print5printEmi
                0x000000000800db50       0x16 build_ak-base-kit-stm32l151-application/Print.o
                0x000000000800db50                Print::print(unsigned long, int)
 .text._ZN5Print5printEhi
                0x000000000800db66        0x4 build_ak-base-kit-stm32l151-application/Print.o
                0x000000000800db66                Print::print(unsigned char, int)
 .text._ZN14HardwareSerial9availableEv
                0x000000000800db6a        0xa build_ak-base-kit-stm32l151-application/HardwareSerial.o
                0x000000000800db6a                HardwareSerial::available()
 .text._ZN14HardwareSerial4peekEv
                0x000000000800db74       0x14 build_ak-base-kit-stm32l151-application/HardwareSerial.o
                0x000000000800db74                HardwareSerial::peek()
 .text._ZN14HardwareSerial4readEv
                0x000000000800db88       0x20 build_ak-base-kit-stm32l151-application/HardwareSerial.o
                0x000000000800db88                HardwareSerial::read()
 .text._ZN14HardwareSerial5flushEv
                0x000000000800dba8        0x2 build_ak-base-kit-stm32l151-application/HardwareSerial.o
                0x000000000800dba8                HardwareSerial::flush()
 .text._ZN14HardwareSerial17availableForWriteEv
                0x000000000800dbaa       0x26 build_ak-base-kit-stm32l151-application/HardwareSerial.o
                0x000000000800dbaa                HardwareSerial::availableForWrite()
 .text._ZN14HardwareSerial5writeEh