sources/app/fishing_diary_game/fd_game_bullet.cpp:11:6:void fd_game_bullet_setup()	8	static
sources/app/fishing_diary_game/fd_game_bullet.cpp:20:6:void fd_game_bullet_update()	20	static
sources/app/fishing_diary_game/fd_game_bullet.cpp:34:6:void fd_game_bullet_shoot()	8	static
sources/app/fishing_diary_game/fd_game_bullet.cpp:56:6:void check_collision()	32	static
sources/app/fishing_diary_game/fd_game_bullet.cpp:85:6:void fd_game_bullet_reset()	8	static
sources/app/fishing_diary_game/fd_game_bullet.cpp:93:6:void fd_game_bullet_handle(ak_msg_t*)	8	static
