sources/app/fishing_diary_game/fd_game_fish.cpp:6:10:uint32_t fd_game_random(uint32_t, uint32_t)	8	static
sources/app/fishing_diary_game/fd_game_fish.cpp:12:6:void fd_game_fish_setup()	24	static
sources/app/fishing_diary_game/fd_game_fish.cpp:23:6:void fd_game_fish_update()	24	static
sources/app/fishing_diary_game/fd_game_fish.cpp:33:6:void fd_game_fish_motion()	0	static
sources/app/fishing_diary_game/fd_game_fish.cpp:42:6:void fd_game_fish_reset()	0	static
sources/app/fishing_diary_game/fd_game_fish.cpp:50:6:void fd_game_fish_handle(ak_msg_t*)	8	static
